Component: ARM Compiler 5.06 update 6 (build 750) Tool: armlink [4d35ed]

==============================================================================

Section Cross References

    startup_stm32f429_439xx.o(RESET) refers to startup_stm32f429_439xx.o(STACK) for __initial_sp
    startup_stm32f429_439xx.o(RESET) refers to startup_stm32f429_439xx.o(.text) for Reset_Handler
    startup_stm32f429_439xx.o(RESET) refers to stm32f4xx_it.o(i.NMI_Handler) for NMI_Handler
    startup_stm32f429_439xx.o(RESET) refers to context_rvds.o(.text) for HardFault_Handler
    startup_stm32f429_439xx.o(RESET) refers to stm32f4xx_it.o(i.MemManage_Handler) for MemManage_Handler
    startup_stm32f429_439xx.o(RESET) refers to stm32f4xx_it.o(i.BusFault_Handler) for BusFault_Handler
    startup_stm32f429_439xx.o(RESET) refers to stm32f4xx_it.o(i.UsageFault_Handler) for UsageFault_Handler
    startup_stm32f429_439xx.o(RESET) refers to stm32f4xx_it.o(i.SVC_Handler) for SVC_Handler
    startup_stm32f429_439xx.o(RESET) refers to stm32f4xx_it.o(i.DebugMon_Handler) for DebugMon_Handler
    startup_stm32f429_439xx.o(RESET) refers to board.o(i.SysTick_Handler) for SysTick_Handler
    startup_stm32f429_439xx.o(.text) refers to system_stm32f4xx.o(i.SystemInit) for SystemInit
    startup_stm32f429_439xx.o(.text) refers to sdram.o(i.SDRAM_Init) for SDRAM_Init
    startup_stm32f429_439xx.o(.text) refers to entry.o(.ARM.Collect$$$$00000000) for __main
    system_stm32f4xx.o(i.SystemCoreClockUpdate) refers to system_stm32f4xx.o(.data) for SystemCoreClock
    system_stm32f4xx.o(i.SystemInit) refers to system_stm32f4xx.o(i.SetSysClock) for SetSysClock
    stm32f4xx_adc.o(i.ADC_DeInit) refers to stm32f4xx_rcc.o(i.RCC_APB2PeriphResetCmd) for RCC_APB2PeriphResetCmd
    stm32f4xx_can.o(i.CAN_DeInit) refers to stm32f4xx_rcc.o(i.RCC_APB1PeriphResetCmd) for RCC_APB1PeriphResetCmd
    stm32f4xx_can.o(i.CAN_GetITStatus) refers to stm32f4xx_can.o(i.CheckITStatus) for CheckITStatus
    stm32f4xx_cryp.o(i.CRYP_DeInit) refers to stm32f4xx_rcc.o(i.RCC_AHB2PeriphResetCmd) for RCC_AHB2PeriphResetCmd
    stm32f4xx_cryp_aes.o(i.CRYP_AES_CBC) refers to stm32f4xx_cryp.o(i.CRYP_KeyStructInit) for CRYP_KeyStructInit
    stm32f4xx_cryp_aes.o(i.CRYP_AES_CBC) refers to stm32f4xx_cryp.o(i.CRYP_FIFOFlush) for CRYP_FIFOFlush
    stm32f4xx_cryp_aes.o(i.CRYP_AES_CBC) refers to stm32f4xx_cryp.o(i.CRYP_Init) for CRYP_Init
    stm32f4xx_cryp_aes.o(i.CRYP_AES_CBC) refers to stm32f4xx_cryp.o(i.CRYP_KeyInit) for CRYP_KeyInit
    stm32f4xx_cryp_aes.o(i.CRYP_AES_CBC) refers to stm32f4xx_cryp.o(i.CRYP_Cmd) for CRYP_Cmd
    stm32f4xx_cryp_aes.o(i.CRYP_AES_CBC) refers to stm32f4xx_cryp.o(i.CRYP_GetFlagStatus) for CRYP_GetFlagStatus
    stm32f4xx_cryp_aes.o(i.CRYP_AES_CBC) refers to stm32f4xx_cryp.o(i.CRYP_IVInit) for CRYP_IVInit
    stm32f4xx_cryp_aes.o(i.CRYP_AES_CBC) refers to stm32f4xx_cryp.o(i.CRYP_GetCmdStatus) for CRYP_GetCmdStatus
    stm32f4xx_cryp_aes.o(i.CRYP_AES_CBC) refers to stm32f4xx_cryp.o(i.CRYP_DataIn) for CRYP_DataIn
    stm32f4xx_cryp_aes.o(i.CRYP_AES_CBC) refers to stm32f4xx_cryp.o(i.CRYP_DataOut) for CRYP_DataOut
    stm32f4xx_cryp_aes.o(i.CRYP_AES_CCM) refers to stm32f4xx_cryp.o(i.CRYP_KeyStructInit) for CRYP_KeyStructInit
    stm32f4xx_cryp_aes.o(i.CRYP_AES_CCM) refers to stm32f4xx_cryp.o(i.CRYP_FIFOFlush) for CRYP_FIFOFlush
    stm32f4xx_cryp_aes.o(i.CRYP_AES_CCM) refers to stm32f4xx_cryp.o(i.CRYP_KeyInit) for CRYP_KeyInit
    stm32f4xx_cryp_aes.o(i.CRYP_AES_CCM) refers to stm32f4xx_cryp.o(i.CRYP_IVInit) for CRYP_IVInit
    stm32f4xx_cryp_aes.o(i.CRYP_AES_CCM) refers to stm32f4xx_cryp.o(i.CRYP_Init) for CRYP_Init
    stm32f4xx_cryp_aes.o(i.CRYP_AES_CCM) refers to stm32f4xx_cryp.o(i.CRYP_PhaseConfig) for CRYP_PhaseConfig
    stm32f4xx_cryp_aes.o(i.CRYP_AES_CCM) refers to stm32f4xx_cryp.o(i.CRYP_DataIn) for CRYP_DataIn
    stm32f4xx_cryp_aes.o(i.CRYP_AES_CCM) refers to stm32f4xx_cryp.o(i.CRYP_Cmd) for CRYP_Cmd
    stm32f4xx_cryp_aes.o(i.CRYP_AES_CCM) refers to stm32f4xx_cryp.o(i.CRYP_GetCmdStatus) for CRYP_GetCmdStatus
    stm32f4xx_cryp_aes.o(i.CRYP_AES_CCM) refers to stm32f4xx_cryp.o(i.CRYP_GetFlagStatus) for CRYP_GetFlagStatus
    stm32f4xx_cryp_aes.o(i.CRYP_AES_CCM) refers to stm32f4xx_cryp.o(i.CRYP_DataOut) for CRYP_DataOut
    stm32f4xx_cryp_aes.o(i.CRYP_AES_CTR) refers to stm32f4xx_cryp.o(i.CRYP_KeyStructInit) for CRYP_KeyStructInit
    stm32f4xx_cryp_aes.o(i.CRYP_AES_CTR) refers to stm32f4xx_cryp.o(i.CRYP_KeyInit) for CRYP_KeyInit
    stm32f4xx_cryp_aes.o(i.CRYP_AES_CTR) refers to stm32f4xx_cryp.o(i.CRYP_Init) for CRYP_Init
    stm32f4xx_cryp_aes.o(i.CRYP_AES_CTR) refers to stm32f4xx_cryp.o(i.CRYP_IVInit) for CRYP_IVInit
    stm32f4xx_cryp_aes.o(i.CRYP_AES_CTR) refers to stm32f4xx_cryp.o(i.CRYP_FIFOFlush) for CRYP_FIFOFlush
    stm32f4xx_cryp_aes.o(i.CRYP_AES_CTR) refers to stm32f4xx_cryp.o(i.CRYP_Cmd) for CRYP_Cmd
[...]
    ..\\Driver\\LED\\led.c                   0x00000000   Number         0  led.o ABSOLUTE
    ..\\Driver\\SDRAM\\sdram.c               0x00000000   Number         0  sdram.o ABSOLUTE
    ..\\Driver\\TOUCH\\touch_043.c           0x00000000   Number         0  touch_043.o ABSOLUTE
    ..\\Driver\\TOUCH\\touch_iic.c           0x00000000   Number         0  touch_iic.o ABSOLUTE
    ..\\Driver\\USART\\usart.c               0x00000000   Number         0  usart.o ABSOLUTE
    ..\\Libraries\\CMSIS\\Device\\ST\\STM32F4xx\\Source\\Templates\\system_stm32f4xx.c 0x00000000   Number         0  system_stm32f4xx.o ABSOLUTE
    ..\\Libraries\\STM32F4xx_StdPeriph_Driver\\src\\misc.c 0x00000000   Number         0  misc.o ABSOLUTE
    ..\\Libraries\\STM32F4xx_StdPeriph_Driver\\src\\stm32f4xx_adc.c 0x00000000   Number         0  stm32f4xx_adc.o ABSOLUTE
    ..\\Libraries\\STM32F4xx_StdPeriph_Driver\\src\\stm32f4xx_can.c 0x00000000   Number         0  stm32f4xx_can.o ABSOLUTE
    ..\\Libraries\\STM32F4xx_StdPeriph_Driver\\src\\stm32f4xx_cec.c 0x00000000   Number         0  stm32f4xx_cec.o ABSOLUTE
    ..\\Libraries\\STM32F4xx_StdPeriph_Driver\\src\\stm32f4xx_crc.c 0x00000000   Number         0  stm32f4xx_crc.o ABSOLUTE
    ..\\Libraries\\STM32F4xx_StdPeriph_Driver\\src\\stm32f4xx_cryp.c 0x00000000   Number         0  stm32f4xx_cryp.o ABSOLUTE
    ..\\Libraries\\STM32F4xx_StdPeriph_Driver\\src\\stm32f4xx_cryp_aes.c 0x00000000   Number         0  stm32f4xx_cryp_aes.o ABSOLUTE
    ..\\Libraries\\STM32F4xx_StdPeriph_Driver\\src\\stm32f4xx_cryp_des.c 0x00000000   Number         0  stm32f4xx_cryp_des.o ABSOLUTE
    ..\\Libraries\\STM32F4xx_StdPeriph_Driver\\src\\stm32f4xx_cryp_tdes.c 0x00000000   Number         0  stm32f4xx_cryp_tdes.o ABSOLUTE
    ..\\Libraries\\STM32F4xx_StdPeriph_Driver\\src\\stm32f4xx_dac.c 0x00000000   Number         0  stm32f4xx_dac.o ABSOLUTE
    ..\\Libraries\\STM32F4xx_StdPeriph_Driver\\src\\stm32f4xx_dbgmcu.c 0x00000000   Number         0  stm32f4xx_dbgmcu.o ABSOLUTE
    ..\\Libraries\\STM32F4xx_StdPeriph_Driver\\src\\stm32f4xx_dcmi.c 0x00000000   Number         0  stm32f4xx_dcmi.o ABSOLUTE
    ..\\Libraries\\STM32F4xx_StdPeriph_Driver\\src\\stm32f4xx_dma.c 0x00000000   Number         0  stm32f4xx_dma.o ABSOLUTE
    ..\\Libraries\\STM32F4xx_StdPeriph_Driver\\src\\stm32f4xx_dma2d.c 0x00000000   Number         0  stm32f4xx_dma2d.o ABSOLUTE
    ..\\Libraries\\STM32F4xx_StdPeriph_Driver\\src\\stm32f4xx_exti.c 0x00000000   Number         0  stm32f4xx_exti.o ABSOLUTE
    ..\\Libraries\\STM32F4xx_StdPeriph_Driver\\src\\stm32f4xx_flash.c 0x00000000   Number         0  stm32f4xx_flash.o ABSOLUTE
    ..\\Libraries\\STM32F4xx_StdPeriph_Driver\\src\\stm32f4xx_flash_ramfunc.c 0x00000000   Number         0  stm32f4xx_flash_ramfunc.o ABSOLUTE
    ..\\Libraries\\STM32F4xx_StdPeriph_Driver\\src\\stm32f4xx_fmc.c 0x00000000   Number         0  stm32f4xx_fmc.o ABSOLUTE
    ..\\Libraries\\STM32F4xx_StdPeriph_Driver\\src\\stm32f4xx_fmpi2c.c 0x00000000   Number         0  stm32f4xx_fmpi2c.o ABSOLUTE
    ..\\Libraries\\STM32F4xx_StdPeriph_Driver\\src\\stm32f4xx_gpio.c 0x00000000   Number         0  stm32f4xx_gpio.o ABSOLUTE
    ..\\Libraries\\STM32F4xx_StdPeriph_Driver\\src\\stm32f4xx_hash.c 0x00000000   Number         0  stm32f4xx_hash.o ABSOLUTE
    ..\\Libraries\\STM32F4xx_StdPeriph_Driver\\src\\stm32f4xx_hash_md5.c 0x00000000   Number         0  stm32f4xx_hash_md5.o ABSOLUTE
    ..\\Libraries\\STM32F4xx_StdPeriph_Driver\\src\\stm32f4xx_hash_sha1.c 0x00000000   Number         0  stm32f4xx_hash_sha1.o ABSOLUTE
    ..\\Libraries\\STM32F4xx_StdPeriph_Driver\\src\\stm32f4xx_i2c.c 0x00000000   Number         0  stm32f4xx_i2c.o ABSOLUTE
    ..\\Libraries\\STM32F4xx_StdPeriph_Driver\\src\\stm32f4xx_iwdg.c 0x00000000   Number         0  stm32f4xx_iwdg.o ABSOLUTE
    ..\\Libraries\\STM32F4xx_StdPeriph_Driver\\src\\stm32f4xx_ltdc.c 0x00000000   Number         0  stm32f4xx_ltdc.o ABSOLUTE
    ..\\Libraries\\STM32F4xx_StdPeriph_Driver\\src\\stm32f4xx_pwr.c 0x00000000   Number         0  stm32f4xx_pwr.o ABSOLUTE
    ..\\Libraries\\STM32F4xx_StdPeriph_Driver\\src\\stm32f4xx_qspi.c 0x00000000   Number         0  stm32f4xx_qspi.o ABSOLUTE
    ..\\Libraries\\STM32F4xx_StdPeriph_Driver\\src\\stm32f4xx_rcc.c 0x00000000   Number         0  stm32f4xx_rcc.o ABSOLUTE
    ..\\Libraries\\STM32F4xx_StdPeriph_Driver\\src\\stm32f4xx_rng.c 0x00000000   Number         0  stm32f4xx_rng.o ABSOLUTE
    ..\\Libraries\\STM32F4xx_StdPeriph_Driver\\src\\stm32f4xx_rtc.c 0x00000000   Number         0  stm32f4xx_rtc.o ABSOLUTE
    ..\\Libraries\\STM32F4xx_StdPeriph_Driver\\src\\stm32f4xx_sai.c 0x00000000   Number         0  stm32f4xx_sai.o ABSOLUTE
    ..\\Libraries\\STM32F4xx_StdPeriph_Driver\\src\\stm32f4xx_sdio.c 0x00000000   Number         0  stm32f4xx_sdio.o ABSOLUTE
    ..\\Libraries\\STM32F4xx_StdPeriph_Driver\\src\\stm32f4xx_spdifrx.c 0x00000000   Number         0  stm32f4xx_spdifrx.o ABSOLUTE
    ..\\Libraries\\STM32F4xx_StdPeriph_Driver\\src\\stm32f4xx_spi.c 0x00000000   Number         0  stm32f4xx_spi.o ABSOLUTE
    ..\\Libraries\\STM32F4xx_StdPeriph_Driver\\src\\stm32f4xx_syscfg.c 0x00000000   Number         0  stm32f4xx_syscfg.o ABSOLUTE
    ..\\Libraries\\STM32F4xx_StdPeriph_Driver\\src\\stm32f4xx_tim.c 0x00000000   Number         0  stm32f4xx_tim.o ABSOLUTE
    ..\\Libraries\\STM32F4xx_StdPeriph_Driver\\src\\stm32f4xx_usart.c 0x00000000   Number         0  stm32f4xx_usart.o ABSOLUTE
    ..\\Libraries\\STM32F4xx_StdPeriph_Driver\\src\\stm32f4xx_wwdg.c 0x00000000   Number         0  stm32f4xx_wwdg.o ABSOLUTE
    ..\\RT-Thread\\bsp\\board.c              0x00000000   Number         0  board.o ABSOLUTE
    ..\\User\\main.c                         0x00000000   Number         0  main.o ABSOLUTE
    ..\\User\\stm32f4xx_it.c                 0x00000000   Number         0  stm32f4xx_it.o ABSOLUTE
    cdrcmple.s                               0x00000000   Number         0  cdrcmple.o ABSOLUTE
    dc.s                                     0x00000000   Number         0  dc.o ABSOLUTE
    handlers.s                               0x00000000   Number         0  handlers.o ABSOLUTE
    init.s                                   0x00000000   Number         0  init.o ABSOLUTE
    RESET                                    0x08000000   Section      428  startup_stm32f429_439xx.o(RESET)
    .ARM.Collect$$$$00000000                 0x080001ac   Section        0  entry.o(.ARM.Collect$$$$00000000)
    .ARM.Collect$$$$00000001                 0x080001ac   Section        4  entry2.o(.ARM.Collect$$$$00000001)
    .ARM.Collect$$$$00000004                 0x080001b0   Section        4  entry5.o(.ARM.Collect$$$$00000004)
    .ARM.Collect$$$$00000008                 0x080001b4   Section        0  entry7b.o(.ARM.Collect$$$$00000008)
    .ARM.Collect$$$$0000000A                 0x080001b4   Section        0  entry8b.o(.ARM.Collect$$$$0000000A)
    .ARM.Collect$$$$0000000B                 0x080001b4   Section        8  entry9a.o(.ARM.Collect$$$$0000000B)
    .ARM.Collect$$$$0000000D                 0x080001bc   Section        0  entry10a.o(.ARM.Collect$$$$0000000D)
    .ARM.Collect$$$$0000000F                 0x080001bc   Section        0  entry11a.o(.ARM.Collect$$$$0000000F)
    .ARM.Collect$$$$00002712                 0x080001bc   Section        4  entry2.o(.ARM.Collect$$$$00002712)
    __lit__00000000                          0x080001bc   Data           4  entry2.o(.ARM.Collect$$$$00002712)
    .text                                    0x080001c0   Section       44  startup_stm32f429_439xx.o(.text)
    $v0                                      0x080001c0   Number         0  startup_stm32f429_439xx.o(.text)
    .text                                    0x080001ec   Section      308  context_rvds.o(.text)
    $v0                                      0x080001ec   Number         0  context_rvds.o(.text)
    .text                                    0x08000320   Section        0  uldiv.o(.text)
    .text                                    0x08000384   Section       36  init.o(.text)
    .text                                    0x080003a8   Section        0  llshl.o(.text)
    .text                                    0x080003c6   Section        0  llushr.o(.text)
    .text                                    0x080003e6   Section        0  __dczerorl2.o(.text)
    i.$Sub$$main                             0x0800043c   Section        0  components.o(i.$Sub$$main)
    i.BusFault_Handler                       0x0800044a   Section        0  stm32f4xx_it.o(i.BusFault_Handler)
    i.DMA2D_DeInit                           0x0800044e   Section        0  stm32f4xx_dma2d.o(i.DMA2D_DeInit)
    i.DMA2D_GetFlagStatus                    0x08000464   Section        0  stm32f4xx_dma2d.o(i.DMA2D_GetFlagStatus)
    i.DMA2D_Init                             0x0800047c   Section        0  stm32f4xx_dma2d.o(i.DMA2D_Init)
    i.DMA2D_StartTransfer                    0x08000560   Section        0  stm32f4xx_dma2d.o(i.DMA2D_StartTransfer)
    i.DebugMon_Handler                       0x08000574   Section        0  stm32f4xx_it.o(i.DebugMon_Handler)
    i.FMC_GetFlagStatus                      0x08000578   Section        0  stm32f4xx_fmc.o(i.FMC_GetFlagStatus)
    i.FMC_SDRAMCmdConfig                     0x080005c0   Section        0  stm32f4xx_fmc.o(i.FMC_SDRAMCmdConfig)
    i.FMC_SDRAMInit                          0x080005e0   Section        0  stm32f4xx_fmc.o(i.FMC_SDRAMInit)
    i.FMC_SetRefreshCount                    0x08000724   Section        0  stm32f4xx_fmc.o(i.FMC_SetRefreshCount)
    i.GPIO_Init                              0x0800073c   Section        0  stm32f4xx_gpio.o(i.GPIO_Init)
    i.GPIO_PinAFConfig                       0x080007cc   Section        0  stm32f4xx_gpio.o(i.GPIO_PinAFConfig)
    i.GPIO_ReadInputDataBit                  0x08000812   Section        0  stm32f4xx_gpio.o(i.GPIO_ReadInputDataBit)
    i.GPIO_ResetBits                         0x08000824   Section        0  stm32f4xx_gpio.o(i.GPIO_ResetBits)
    i.GPIO_SetBits                           0x08000828   Section        0  stm32f4xx_gpio.o(i.GPIO_SetBits)
    i.GT9XX_ReadReg                          0x0800082c   Section        0  touch_043.o(i.GT9XX_ReadReg)
    i.GT9XX_Reset                            0x08000890   Section        0  touch_043.o(i.GT9XX_Reset)
    i.GT9XX_WriteHandle                      0x080008ec   Section        0  touch_043.o(i.GT9XX_WriteHandle)
    i.LCD_Clear                              0x0800091c   Section        0  lcd_rgb.o(i.LCD_Clear)
    i.LCD_DisplayMode                        0x08000a34   Section        0  lcd_rgb.o(i.LCD_DisplayMode)
    i.LCD_GPIO_Config                        0x08000a40   Section        0  lcd_rgb.o(i.LCD_GPIO_Config)
    i.LCD_Init                               0x08000d18   Section        0  lcd_rgb.o(i.LCD_Init)
    i.LCD_LayerInit                          0x08000e14   Section        0  lcd_rgb.o(i.LCD_LayerInit)
    i.LCD_SetBackColor                       0x08000ebc   Section        0  lcd_rgb.o(i.LCD_SetBackColor)
    i.LCD_SetColor                           0x08000f30   Section        0  lcd_rgb.o(i.LCD_SetColor)
    i.LCD_SetFont                            0x08000fa4   Section        0  lcd_rgb.o(i.LCD_SetFont)
    i.LCD_SetLayer                           0x08000fb0   Section        0  lcd_rgb.o(i.LCD_SetLayer)
    i.LCD_ShowNumMode                        0x08000fe0   Section        0  lcd_rgb.o(i.LCD_ShowNumMode)
    i.LED_Init                               0x08000fec   Section        0  led.o(i.LED_Init)
    i.LTDC_Cmd                               0x08001034   Section        0  stm32f4xx_ltdc.o(i.LTDC_Cmd)
    i.LTDC_DitherCmd                         0x08001058   Section        0  stm32f4xx_ltdc.o(i.LTDC_DitherCmd)
    i.LTDC_Init                              0x0800107c   Section        0  stm32f4xx_ltdc.o(i.LTDC_Init)
    i.LTDC_LayerCmd                          0x08001204   Section        0  stm32f4xx_ltdc.o(i.LTDC_LayerCmd)
    i.LTDC_LayerInit                         0x0800121a   Section        0  stm32f4xx_ltdc.o(i.LTDC_LayerInit)
    i.LTDC_ReloadConfig                      0x08001330   Section        0  stm32f4xx_ltdc.o(i.LTDC_ReloadConfig)
    i.MemManage_Handler                      0x0800133c   Section        0  stm32f4xx_it.o(i.MemManage_Handler)
    i.NMI_Handler                            0x08001340   Section        0  stm32f4xx_it.o(i.NMI_Handler)
    i.RCC_AHB1PeriphClockCmd                 0x08001344   Section        0  stm32f4xx_rcc.o(i.RCC_AHB1PeriphClockCmd)
    i.RCC_AHB1PeriphResetCmd                 0x08001364   Section        0  stm32f4xx_rcc.o(i.RCC_AHB1PeriphResetCmd)
    i.RCC_AHB3PeriphClockCmd                 0x08001384   Section        0  stm32f4xx_rcc.o(i.RCC_AHB3PeriphClockCmd)
    i.RCC_APB2PeriphClockCmd                 0x080013a4   Section        0  stm32f4xx_rcc.o(i.RCC_APB2PeriphClockCmd)
    i.RCC_GetClocksFreq                      0x080013c4   Section        0  stm32f4xx_rcc.o(i.RCC_GetClocksFreq)
    i.RCC_GetFlagStatus                      0x080014ac   Section        0  stm32f4xx_rcc.o(i.RCC_GetFlagStatus)
    i.RCC_LTDCCLKDivConfig                   0x080014ec   Section        0  stm32f4xx_rcc.o(i.RCC_LTDCCLKDivConfig)
    i.RCC_PLLSAICmd                          0x08001504   Section        0  stm32f4xx_rcc.o(i.RCC_PLLSAICmd)
    i.RCC_PLLSAIConfig                       0x08001510   Section        0  stm32f4xx_rcc.o(i.RCC_PLLSAIConfig)
    i.SDRAM_GPIO_Config                      0x08001528   Section        0  sdram.o(i.SDRAM_GPIO_Config)
    i.SDRAM_Init                             0x08001a8c   Section        0  sdram.o(i.SDRAM_Init)
    i.SDRAM_InitSequence                     0x08001b0a   Section        0  sdram.o(i.SDRAM_InitSequence)
    i.SDRAM_Test                             0x08001bc4   Section        0  sdram.o(i.SDRAM_Test)
    i.SDRAM_delay                            0x08001d7c   Section        0  sdram.o(i.SDRAM_delay)
    i.SVC_Handler                            0x08001da0   Section        0  stm32f4xx_it.o(i.SVC_Handler)
    i.SetSysClock                            0x08001da4   Section        0  system_stm32f4xx.o(i.SetSysClock)
    SetSysClock                              0x08001da5   Thumb Code   272  system_stm32f4xx.o(i.SetSysClock)
    i.SysTick_Handler                        0x08001ec4   Section        0  board.o(i.SysTick_Handler)
    i.SystemInit                             0x08001ee8   Section        0  system_stm32f4xx.o(i.SystemInit)
    i.Touch_IIC_ACK                          0x08001f50   Section        0  touch_iic.o(i.Touch_IIC_ACK)
    i.Touch_IIC_Delay                        0x08001fa4   Section        0  touch_iic.o(i.Touch_IIC_Delay)
    i.Touch_IIC_GPIO_Config                  0x08001fbc   Section        0  touch_iic.o(i.Touch_IIC_GPIO_Config)
    i.Touch_IIC_NoACK                        0x08002054   Section        0  touch_iic.o(i.Touch_IIC_NoACK)
    i.Touch_IIC_ReadByte                     0x080020a0   Section        0  touch_iic.o(i.Touch_IIC_ReadByte)
    i.Touch_IIC_Start                        0x08002100   Section        0  touch_iic.o(i.Touch_IIC_Start)
    i.Touch_IIC_Stop                         0x08002144   Section        0  touch_iic.o(i.Touch_IIC_Stop)
    i.Touch_IIC_WaitACK                      0x0800218c   Section        0  touch_iic.o(i.Touch_IIC_WaitACK)
    i.Touch_IIC_WriteByte                    0x080021dc   Section        0  touch_iic.o(i.Touch_IIC_WriteByte)
    i.Touch_INT_In                           0x08002244   Section        0  touch_iic.o(i.Touch_INT_In)
    i.Touch_INT_Out                          0x08002268   Section        0  touch_iic.o(i.Touch_INT_Out)
    i.Touch_Init                             0x08002298   Section        0  touch_043.o(i.Touch_Init)
    i.USART1_GPIO_Config                     0x080022d0   Section        0  usart.o(i.USART1_GPIO_Config)
    i.USART_Cmd                              0x08002328   Section        0  stm32f4xx_usart.o(i.USART_Cmd)
    i.USART_GetFlagStatus                    0x08002340   Section        0  stm32f4xx_usart.o(i.USART_GetFlagStatus)
    i.USART_Init                             0x0800235c   Section        0  stm32f4xx_usart.o(i.USART_Init)
    i.USART_SendData                         0x08002430   Section        0  stm32f4xx_usart.o(i.USART_SendData)
    i.UsageFault_Handler                     0x08002438   Section        0  stm32f4xx_it.o(i.UsageFault_Handler)
    i.Usart1_Config                          0x0800243c   Section        0  usart.o(i.Usart1_Config)
    i.__0printf$5                            0x08002480   Section        0  printf5.o(i.__0printf$5)
    i.__rt_ffs                               0x080024a0   Section        0  kservice.o(i.__rt_ffs)
    i.__scatterload_copy                     0x080024ec   Section       14  handlers.o(i.__scatterload_copy)
    i.__scatterload_null                     0x080024fa   Section        2  handlers.o(i.__scatterload_null)
    i.__scatterload_zeroinit                 0x080024fc   Section       14  handlers.o(i.__scatterload_zeroinit)
    i._has_defunct_thread                    0x0800250c   Section        0  idle.o(i._has_defunct_thread)
    _has_defunct_thread                      0x0800250d   Thumb Code    16  idle.o(i._has_defunct_thread)
    i._printf_core                           0x08002520   Section        0  printf5.o(i._printf_core)
    _printf_core                             0x08002521   Thumb Code   658  printf5.o(i._printf_core)
    i._rt_thread_init                        0x080027e0   Section        0  thread.o(i._rt_thread_init)
    _rt_thread_init                          0x080027e1   Thumb Code   124  thread.o(i._rt_thread_init)
    i._rt_timer_init                         0x08002864   Section        0  timer.o(i._rt_timer_init)
    _rt_timer_init                           0x08002865   Thumb Code    66  timer.o(i._rt_timer_init)
    i._rt_timer_remove                       0x080028a6   Section        0  timer.o(i._rt_timer_remove)
    _rt_timer_remove                         0x080028a7   Thumb Code    46  timer.o(i._rt_timer_remove)
    i.fputc                                  0x080028d4   Section        0  usart.o(i.fputc)
    i.led1_thread_entry                      0x080028f8   Section        0  main.o(i.led1_thread_entry)
    led1_thread_entry                        0x080028f9   Thumb Code    48  main.o(i.led1_thread_entry)
    i.main                                   0x0800292c   Section        0  main.o(i.main)
    i.main_thread_entry                      0x0800298c   Section        0  components.o(i.main_thread_entry)
    i.print_number                           0x0800299c   Section        0  kservice.o(i.print_number)
    print_number                             0x0800299d   Thumb Code   400  kservice.o(i.print_number)
    i.rt_application_init                    0x08002b34   Section        0  components.o(i.rt_application_init)
    i.rt_components_board_init               0x08002b74   Section        0  components.o(i.rt_components_board_init)
    i.rt_components_init                     0x08002b90   Section        0  components.o(i.rt_components_init)
    i.rt_enter_critical                      0x08002bac   Section        0  scheduler.o(i.rt_enter_critical)
    i.rt_exit_critical                       0x08002bcc   Section        0  scheduler.o(i.rt_exit_critical)
    i.rt_hw_board_init                       0x08002c08   Section        0  board.o(i.rt_hw_board_init)
    i.rt_hw_console_output                   0x08002cbc   Section        0  board.o(i.rt_hw_console_output)
    i.rt_hw_hard_fault_exception             0x08002d0c   Section        0  cpuport.o(i.rt_hw_hard_fault_exception)
    i.rt_hw_stack_init                       0x08002f30   Section        0  cpuport.o(i.rt_hw_stack_init)
    i.rt_interrupt_enter                     0x08002f80   Section        0  irq.o(i.rt_interrupt_enter)
    i.rt_interrupt_leave                     0x08002fa0   Section        0  irq.o(i.rt_interrupt_leave)
    i.rt_kprintf                             0x08002fc0   Section        0  kservice.o(i.rt_kprintf)
    i.rt_list_init                           0x08002ff0   Section        0  scheduler.o(i.rt_list_init)
    rt_list_init                             0x08002ff1   Thumb Code     6  scheduler.o(i.rt_list_init)
    i.rt_list_init                           0x08002ff6   Section        0  timer.o(i.rt_list_init)
    rt_list_init                             0x08002ff7   Thumb Code     6  timer.o(i.rt_list_init)
    i.rt_list_insert_after                   0x08002ffc   Section        0  thread.o(i.rt_list_insert_after)
    rt_list_insert_after                     0x08002ffd   Thumb Code    14  thread.o(i.rt_list_insert_after)
    i.rt_list_insert_after                   0x0800300a   Section        0  timer.o(i.rt_list_insert_after)
    rt_list_insert_after                     0x0800300b   Thumb Code    14  timer.o(i.rt_list_insert_after)
    i.rt_list_isempty                        0x08003018   Section        0  timer.o(i.rt_list_isempty)
    rt_list_isempty                          0x08003019   Thumb Code    16  timer.o(i.rt_list_isempty)
    i.rt_list_remove                         0x08003028   Section        0  thread.o(i.rt_list_remove)
    rt_list_remove                           0x08003029   Thumb Code    18  thread.o(i.rt_list_remove)
    i.rt_memset                              0x0800303a   Section        0  kservice.o(i.rt_memset)
    i.rt_object_detach                       0x08003082   Section        0  object.o(i.rt_object_detach)
    i.rt_object_get_information              0x080030b0   Section        0  object.o(i.rt_object_get_information)
    i.rt_object_init                         0x080030d8   Section        0  object.o(i.rt_object_init)
    i.rt_object_is_systemobject              0x0800311e   Section        0  object.o(i.rt_object_is_systemobject)
    i.rt_schedule                            0x08003130   Section        0  scheduler.o(i.rt_schedule)
    i.rt_schedule_insert_thread              0x080031c0   Section        0  scheduler.o(i.rt_schedule_insert_thread)
    i.rt_schedule_remove_thread              0x08003210   Section        0  scheduler.o(i.rt_schedule_remove_thread)
    i.rt_show_version                        0x08003264   Section        0  kservice.o(i.rt_show_version)
    i.rt_strlen                              0x08003314   Section        0  kservice.o(i.rt_strlen)
    i.rt_strncpy                             0x08003326   Section        0  kservice.o(i.rt_strncpy)
    i.rt_system_scheduler_init               0x0800335c   Section        0  scheduler.o(i.rt_system_scheduler_init)
    i.rt_system_scheduler_start              0x080033a8   Section        0  scheduler.o(i.rt_system_scheduler_start)
    i.rt_system_timer_init                   0x080033d8   Section        0  timer.o(i.rt_system_timer_init)
    i.rt_system_timer_thread_init            0x080033f4   Section        0  timer.o(i.rt_system_timer_thread_init)
    i.rt_thread_delay                        0x080033f6   Section        0  thread.o(i.rt_thread_delay)
    i.rt_thread_exit                         0x08003404   Section        0  thread.o(i.rt_thread_exit)
    i.rt_thread_idle_entry                   0x08003458   Section        0  idle.o(i.rt_thread_idle_entry)
    rt_thread_idle_entry                     0x08003459   Thumb Code     8  idle.o(i.rt_thread_idle_entry)
    i.rt_thread_idle_excute                  0x08003460   Section        0  idle.o(i.rt_thread_idle_excute)
    i.rt_thread_idle_init                    0x080034d8   Section        0  idle.o(i.rt_thread_idle_init)
    i.rt_thread_init                         0x08003514   Section        0  thread.o(i.rt_thread_init)
    i.rt_thread_resume                       0x08003548   Section        0  thread.o(i.rt_thread_resume)
    i.rt_thread_self                         0x08003584   Section        0  thread.o(i.rt_thread_self)
    i.rt_thread_sleep                        0x08003590   Section        0  thread.o(i.rt_thread_sleep)
    i.rt_thread_startup                      0x080035d4   Section        0  thread.o(i.rt_thread_startup)
    i.rt_thread_suspend                      0x08003600   Section        0  thread.o(i.rt_thread_suspend)
    i.rt_thread_timeout                      0x08003644   Section        0  thread.o(i.rt_thread_timeout)
    i.rt_thread_yield                        0x08003664   Section        0  thread.o(i.rt_thread_yield)
    i.rt_tick_get                            0x080036c8   Section        0  clock.o(i.rt_tick_get)
    i.rt_tick_increase                       0x080036d4   Section        0  clock.o(i.rt_tick_increase)
    i.rt_timer_check                         0x08003704   Section        0  timer.o(i.rt_timer_check)
    i.rt_timer_control                       0x08003780   Section        0  timer.o(i.rt_timer_control)
    i.rt_timer_detach                        0x080037b8   Section        0  timer.o(i.rt_timer_detach)
    i.rt_timer_init                          0x080037d8   Section        0  timer.o(i.rt_timer_init)
    i.rt_timer_start                         0x08003808   Section        0  timer.o(i.rt_timer_start)
    i.rt_timer_stop                          0x08003900   Section        0  timer.o(i.rt_timer_stop)
    i.rt_vsnprintf                           0x08003930   Section        0  kservice.o(i.rt_vsnprintf)
    i.rti_board_end                          0x08003c58   Section        0  components.o(i.rti_board_end)
    rti_board_end                            0x08003c59   Thumb Code     4  components.o(i.rti_board_end)
    i.rti_board_start                        0x08003c5c   Section        0  components.o(i.rti_board_start)
    rti_board_start                          0x08003c5d   Thumb Code     4  components.o(i.rti_board_start)
    i.rti_end                                0x08003c60   Section        0  components.o(i.rti_end)
    rti_end                                  0x08003c61   Thumb Code     4  components.o(i.rti_end)
    i.rti_start                              0x08003c64   Section        0  components.o(i.rti_start)
    rti_start                                0x08003c65   Thumb Code     4  components.o(i.rti_start)
    i.rtthread_startup                       0x08003c68   Section        0  components.o(i.rtthread_startup)
    i.skip_atoi                              0x08003c92   Section        0  kservice.o(i.skip_atoi)
    skip_atoi                                0x08003c93   Thumb Code    38  kservice.o(i.skip_atoi)
    .constdata                               0x08003cb8   Section    17100  lcd_fonts.o(.constdata)
    .constdata                               0x08007f84   Section      290  kservice.o(.constdata)
    small_digits                             0x08008084   Data          17  kservice.o(.constdata)
    large_digits                             0x08008095   Data          17  kservice.o(.constdata)
    .rti_fn.0                                0x080080a8   Section        4  components.o(.rti_fn.0)
    __tagsym$$used                           0x080080a8   Number         0  components.o(.rti_fn.0)
    .rti_fn.0.end                            0x080080ac   Section        4  components.o(.rti_fn.0.end)
    __tagsym$$used                           0x080080ac   Number         0  components.o(.rti_fn.0.end)
    .rti_fn.1.end                            0x080080b0   Section        4  components.o(.rti_fn.1.end)
    __tagsym$$used                           0x080080b0   Number         0  components.o(.rti_fn.1.end)
    .rti_fn.6.end                            0x080080b4   Section        4  components.o(.rti_fn.6.end)
    __tagsym$$used                           0x080080b4   Number         0  components.o(.rti_fn.6.end)
    .data                                    0x20000000   Section       20  system_stm32f4xx.o(.data)
    .data                                    0x20000014   Section       16  stm32f4xx_rcc.o(.data)
    APBAHBPrescTable                         0x20000014   Data          16  stm32f4xx_rcc.o(.data)
    .data                                    0x20000024   Section        4  delay.o(.data)
    .data                                    0x20000028   Section       60  lcd_fonts.o(.data)
    .data                                    0x20000064   Section        8  lcd_rgb.o(.data)
    LCD_Fonts                                0x20000064   Data           4  lcd_rgb.o(.data)
    .data                                    0x2000006c   Section        4  clock.o(.data)
    rt_tick                                  0x2000006c   Data           4  clock.o(.data)
    .data                                    0x20000070   Section        1  irq.o(.data)
    .data                                    0x20000074   Section       80  object.o(.data)
    rt_object_container                      0x20000074   Data          80  object.o(.data)
    .data                                    0x200000c4   Section       24  scheduler.o(.data)
    rt_scheduler_lock_nest                   0x200000c4   Data           2  scheduler.o(.data)
    .data                                    0x200000dc   Section       12  timer.o(.data)
    rt_timer_list                            0x200000dc   Data           8  timer.o(.data)
    random_nr                                0x200000e4   Data           4  timer.o(.data)
    .data                                    0x200000e8   Section       16  cpuport.o(.data)
    rt_exception_hook                        0x200000f4   Data           4  cpuport.o(.data)
    .data                                    0x200000f8   Section        4  stdout.o(.data)
    .bss                                     0x200000fc   Section       16  lcd_rgb.o(.bss)
    .bss                                     0x2000010c   Section      128  main.o(.bss)
    .bss                                     0x20000190   Section      640  components.o(.bss)
    main_stack                               0x20000190   Data         512  components.o(.bss)
    .bss                                     0x20000410   Section      256  idle.o(.bss)
    idle                                     0x20000410   Data         128  idle.o(.bss)
    rt_thread_stack                          0x20000490   Data         128  idle.o(.bss)
    .bss                                     0x20000510   Section      128  kservice.o(.bss)
    rt_log_buf                               0x20000510   Data         128  kservice.o(.bss)
    .bss                                     0x20000590   Section      256  scheduler.o(.bss)
    STACK                                    0x20000690   Section     1024  startup_stm32f429_439xx.o(STACK)
    EXRAM                                    0xd0000000   Section    783360  lcd_rgb.o(EXRAM)
    EXRAM                                    0xd00bf400   Section     1024  main.o(EXRAM)

    Global Symbols

    Symbol Name                              Value     Ov Type        Size  Object(Section)

    BuildAttributes$$THM_ISAv4$E$P$D$K$B$S$7EM$VFPi3$EXTD16$VFPS$VFMA$PE$A:L22UL41UL21$X:L11$S22US41US21$IEEE1$IW$USESV6$~STKCKD$USESV7$~SHL$OSPACE$ROPI$EBA8$MICROLIB$REQ8$PRES8$EABIv2 0x00000000   Number         0  anon$$obj.o ABSOLUTE
    __ARM_use_no_argv                        0x00000000   Number         0  main.o ABSOLUTE
    _printf_a                                0x00000000   Number         0  stubs.o ABSOLUTE
    _printf_c                                0x00000000   Number         0  stubs.o ABSOLUTE
    _printf_charcount                        0x00000000   Number         0  stubs.o ABSOLUTE
    _printf_d                                0x00000000   Number         0  stubs.o ABSOLUTE
    _printf_e                                0x00000000   Number         0  stubs.o ABSOLUTE
    _printf_f                                0x00000000   Number         0  stubs.o ABSOLUTE
    _printf_flags                            0x00000000   Number         0  stubs.o ABSOLUTE
    _printf_fp_dec                           0x00000000   Number         0  stubs.o ABSOLUTE
    _printf_fp_hex                           0x00000000   Number         0  stubs.o ABSOLUTE
    _printf_g                                0x00000000   Number         0  stubs.o ABSOLUTE
    _printf_i                                0x00000000   Number         0  stubs.o ABSOLUTE
    _printf_int_dec                          0x00000000   Number         0  stubs.o ABSOLUTE
    _printf_l                                0x00000000   Number         0  stubs.o ABSOLUTE
    _printf_lc                               0x00000000   Number         0  stubs.o ABSOLUTE
    _printf_ll                               0x00000000   Number         0  stubs.o ABSOLUTE
    _printf_lld                              0x00000000   Number         0  stubs.o ABSOLUTE
    _printf_lli                              0x00000000   Number         0  stubs.o ABSOLUTE
    _printf_llo                              0x00000000   Number         0  stubs.o ABSOLUTE
    _printf_llu                              0x00000000   Number         0  stubs.o ABSOLUTE
    _printf_llx                              0x00000000   Number         0  stubs.o ABSOLUTE
    _printf_longlong_dec                     0x00000000   Number         0  stubs.o ABSOLUTE
    _printf_longlong_hex                     0x00000000   Number         0  stubs.o ABSOLUTE
    _printf_longlong_oct                     0x00000000   Number         0  stubs.o ABSOLUTE
    _printf_ls                               0x00000000   Number         0  stubs.o ABSOLUTE
    _printf_mbtowc                           0x00000000   Number         0  stubs.o ABSOLUTE
    _printf_n                                0x00000000   Number         0  stubs.o ABSOLUTE
    _printf_o                                0x00000000   Number         0  stubs.o ABSOLUTE
    _printf_p                                0x00000000   Number         0  stubs.o ABSOLUTE
    _printf_percent                          0x00000000   Number         0  stubs.o ABSOLUTE
    _printf_pre_padding                      0x00000000   Number         0  stubs.o ABSOLUTE
    _printf_return_value                     0x00000000   Number         0  stubs.o ABSOLUTE
    _printf_s                                0x00000000   Number         0  stubs.o ABSOLUTE
    _printf_sizespec                         0x00000000   Number         0  stubs.o ABSOLUTE
    _printf_str                              0x00000000   Number         0  stubs.o ABSOLUTE
    _printf_truncate_signed                  0x00000000   Number         0  stubs.o ABSOLUTE
    _printf_truncate_unsigned                0x00000000   Number         0  stubs.o ABSOLUTE
    _printf_u                                0x00000000   Number         0  stubs.o ABSOLUTE
    _printf_wc                               0x00000000   Number         0  stubs.o ABSOLUTE
    _printf_wctomb                           0x00000000   Number         0  stubs.o ABSOLUTE
    _printf_widthprec                        0x00000000   Number         0  stubs.o ABSOLUTE
    _printf_x                                0x00000000   Number         0  stubs.o ABSOLUTE
    __cpp_initialize__aeabi_                  - Undefined Weak Reference
    __cxa_finalize                            - Undefined Weak Reference
    _clock_init                               - Undefined Weak Reference
    _microlib_exit                            - Undefined Weak Reference
    __Vectors_Size                           0x000001ac   Number         0  startup_stm32f429_439xx.o ABSOLUTE
    __Vectors                                0x08000000   Data           4  startup_stm32f429_439xx.o(RESET)
    __Vectors_End                            0x080001ac   Data           0  startup_stm32f429_439xx.o(RESET)
    __main                                   0x080001ad   Thumb Code     0  entry.o(.ARM.Collect$$$$00000000)
    _main_stk                                0x080001ad   Thumb Code     0  entry2.o(.ARM.Collect$$$$00000001)
    _main_scatterload                        0x080001b1   Thumb Code     0  entry5.o(.ARM.Collect$$$$00000004)
    __main_after_scatterload                 0x080001b5   Thumb Code     0  entry5.o(.ARM.Collect$$$$00000004)
    _main_clock                              0x080001b5   Thumb Code     0  entry7b.o(.ARM.Collect$$$$00000008)
    _main_cpp_init                           0x080001b5   Thumb Code     0  entry8b.o(.ARM.Collect$$$$0000000A)
    _main_init                               0x080001b5   Thumb Code     0  entry9a.o(.ARM.Collect$$$$0000000B)
    __rt_final_cpp                           0x080001bd   Thumb Code     0  entry10a.o(.ARM.Collect$$$$0000000D)
    __rt_final_exit                          0x080001bd   Thumb Code     0  entry11a.o(.ARM.Collect$$$$0000000F)
    Reset_Handler                            0x080001c1   Thumb Code    12  startup_stm32f429_439xx.o(.text)
    ADC_IRQHandler                           0x080001df   Thumb Code     0  startup_stm32f429_439xx.o(.text)
    CAN1_RX0_IRQHandler                      0x080001df   Thumb Code     0  startup_stm32f429_439xx.o(.text)
    CAN1_RX1_IRQHandler                      0x080001df   Thumb Code     0  startup_stm32f429_439xx.o(.text)
    CAN1_SCE_IRQHandler                      0x080001df   Thumb Code     0  startup_stm32f429_439xx.o(.text)
    CAN1_TX_IRQHandler                       0x080001df   Thumb Code     0  startup_stm32f429_439xx.o(.text)
    CAN2_RX0_IRQHandler                      0x080001df   Thumb Code     0  startup_stm32f429_439xx.o(.text)
    CAN2_RX1_IRQHandler                      0x080001df   Thumb Code     0  startup_stm32f429_439xx.o(.text)
    CAN2_SCE_IRQHandler                      0x080001df   Thumb Code     0  startup_stm32f429_439xx.o(.text)
    CAN2_TX_IRQHandler                       0x080001df   Thumb Code     0  startup_stm32f429_439xx.o(.text)
    CRYP_IRQHandler                          0x080001df   Thumb Code     0  startup_stm32f429_439xx.o(.text)
    DCMI_IRQHandler                          0x080001df   Thumb Code     0  startup_stm32f429_439xx.o(.text)
    DMA1_Stream0_IRQHandler                  0x080001df   Thumb Code     0  startup_stm32f429_439xx.o(.text)
    DMA1_Stream1_IRQHandler                  0x080001df   Thumb Code     0  startup_stm32f429_439xx.o(.text)
    DMA1_Stream2_IRQHandler                  0x080001df   Thumb Code     0  startup_stm32f429_439xx.o(.text)
    DMA1_Stream3_IRQHandler                  0x080001df   Thumb Code     0  startup_stm32f429_439xx.o(.text)
    DMA1_Stream4_IRQHandler                  0x080001df   Thumb Code     0  startup_stm32f429_439xx.o(.text)
    DMA1_Stream5_IRQHandler                  0x080001df   Thumb Code     0  startup_stm32f429_439xx.o(.text)
    DMA1_Stream6_IRQHandler                  0x080001df   Thumb Code     0  startup_stm32f429_439xx.o(.text)
    DMA1_Stream7_IRQHandler                  0x080001df   Thumb Code     0  startup_stm32f429_439xx.o(.text)
    DMA2D_IRQHandler                         0x080001df   Thumb Code     0  startup_stm32f429_439xx.o(.text)
    DMA2_Stream0_IRQHandler                  0x080001df   Thumb Code     0  startup_stm32f429_439xx.o(.text)
    DMA2_Stream1_IRQHandler                  0x080001df   Thumb Code     0  startup_stm32f429_439xx.o(.text)
    DMA2_Stream2_IRQHandler                  0x080001df   Thumb Code     0  startup_stm32f429_439xx.o(.text)
    DMA2_Stream3_IRQHandler                  0x080001df   Thumb Code     0  startup_stm32f429_439xx.o(.text)
    DMA2_Stream4_IRQHandler                  0x080001df   Thumb Code     0  startup_stm32f429_439xx.o(.text)
    DMA2_Stream5_IRQHandler                  0x080001df   Thumb Code     0  startup_stm32f429_439xx.o(.text)
    DMA2_Stream6_IRQHandler                  0x080001df   Thumb Code     0  startup_stm32f429_439xx.o(.text)
    DMA2_Stream7_IRQHandler                  0x080001df   Thumb Code     0  startup_stm32f429_439xx.o(.text)
    ETH_IRQHandler                           0x080001df   Thumb Code     0  startup_stm32f429_439xx.o(.text)
    ETH_WKUP_IRQHandler                      0x080001df   Thumb Code     0  startup_stm32f429_439xx.o(.text)
    EXTI0_IRQHandler                         0x080001df   Thumb Code     0  startup_stm32f429_439xx.o(.text)
    EXTI15_10_IRQHandler                     0x080001df   Thumb Code     0  startup_stm32f429_439xx.o(.text)
    EXTI1_IRQHandler                         0x080001df   Thumb Code     0  startup_stm32f429_439xx.o(.text)
    EXTI2_IRQHandler                         0x080001df   Thumb Code     0  startup_stm32f429_439xx.o(.text)
    EXTI3_IRQHandler                         0x080001df   Thumb Code     0  startup_stm32f429_439xx.o(.text)
    EXTI4_IRQHandler                         0x080001df   Thumb Code     0  startup_stm32f429_439xx.o(.text)
    EXTI9_5_IRQHandler                       0x080001df   Thumb Code     0  startup_stm32f429_439xx.o(.text)
    FLASH_IRQHandler                         0x080001df   Thumb Code     0  startup_stm32f429_439xx.o(.text)
    FMC_IRQHandler                           0x080001df   Thumb Code     0  startup_stm32f429_439xx.o(.text)
    FPU_IRQHandler                           0x080001df   Thumb Code     0  startup_stm32f429_439xx.o(.text)
    HASH_RNG_IRQHandler                      0x080001df   Thumb Code     0  startup_stm32f429_439xx.o(.text)
    I2C1_ER_IRQHandler                       0x080001df   Thumb Code     0  startup_stm32f429_439xx.o(.text)
    I2C1_EV_IRQHandler                       0x080001df   Thumb Code     0  startup_stm32f429_439xx.o(.text)
    I2C2_ER_IRQHandler                       0x080001df   Thumb Code     0  startup_stm32f429_439xx.o(.text)
    I2C2_EV_IRQHandler                       0x080001df   Thumb Code     0  startup_stm32f429_439xx.o(.text)
    I2C3_ER_IRQHandler                       0x080001df   Thumb Code     0  startup_stm32f429_439xx.o(.text)
    I2C3_EV_IRQHandler                       0x080001df   Thumb Code     0  startup_stm32f429_439xx.o(.text)
    LTDC_ER_IRQHandler                       0x080001df   Thumb Code     0  startup_stm32f429_439xx.o(.text)
    LTDC_IRQHandler                          0x080001df   Thumb Code     0  startup_stm32f429_439xx.o(.text)
    OTG_FS_IRQHandler                        0x080001df   Thumb Code     0  startup_stm32f429_439xx.o(.text)
    OTG_FS_WKUP_IRQHandler                   0x080001df   Thumb Code     0  startup_stm32f429_439xx.o(.text)
    OTG_HS_EP1_IN_IRQHandler                 0x080001df   Thumb Code     0  startup_stm32f429_439xx.o(.text)
    OTG_HS_EP1_OUT_IRQHandler                0x080001df   Thumb Code     0  startup_stm32f429_439xx.o(.text)
    OTG_HS_IRQHandler                        0x080001df   Thumb Code     0  startup_stm32f429_439xx.o(.text)
    OTG_HS_WKUP_IRQHandler                   0x080001df   Thumb Code     0  startup_stm32f429_439xx.o(.text)
    PVD_IRQHandler                           0x080001df   Thumb Code     0  startup_stm32f429_439xx.o(.text)
    RCC_IRQHandler                           0x080001df   Thumb Code     0  startup_stm32f429_439xx.o(.text)
    RTC_Alarm_IRQHandler                     0x080001df   Thumb Code     0  startup_stm32f429_439xx.o(.text)
    RTC_WKUP_IRQHandler                      0x080001df   Thumb Code     0  startup_stm32f429_439xx.o(.text)
    SAI1_IRQHandler                          0x080001df   Thumb Code     0  startup_stm32f429_439xx.o(.text)
    SDIO_IRQHandler                          0x080001df   Thumb Code     0  startup_stm32f429_439xx.o(.text)
    SPI1_IRQHandler                          0x080001df   Thumb Code     0  startup_stm32f429_439xx.o(.text)
    SPI2_IRQHandler                          0x080001df   Thumb Code     0  startup_stm32f429_439xx.o(.text)
    SPI3_IRQHandler                          0x080001df   Thumb Code     0  startup_stm32f429_439xx.o(.text)
    SPI4_IRQHandler                          0x080001df   Thumb Code     0  startup_stm32f429_439xx.o(.text)
    SPI5_IRQHandler                          0x080001df   Thumb Code     0  startup_stm32f429_439xx.o(.text)
    SPI6_IRQHandler                          0x080001df   Thumb Code     0  startup_stm32f429_439xx.o(.text)
    TAMP_STAMP_IRQHandler                    0x080001df   Thumb Code     0  startup_stm32f429_439xx.o(.text)
    TIM1_BRK_TIM9_IRQHandler                 0x080001df   Thumb Code     0  startup_stm32f429_439xx.o(.text)
    TIM1_CC_IRQHandler                       0x080001df   Thumb Code     0  startup_stm32f429_439xx.o(.text)
    TIM1_TRG_COM_TIM11_IRQHandler            0x080001df   Thumb Code     0  startup_stm32f429_439xx.o(.text)
    TIM1_UP_TIM10_IRQHandler                 0x080001df   Thumb Code     0  startup_stm32f429_439xx.o(.text)
    TIM2_IRQHandler                          0x080001df   Thumb Code     0  startup_stm32f429_439xx.o(.text)
    TIM3_IRQHandler                          0x080001df   Thumb Code     0  startup_stm32f429_439xx.o(.text)
    TIM4_IRQHandler                          0x080001df   Thumb Code     0  startup_stm32f429_439xx.o(.text)
    TIM5_IRQHandler                          0x080001df   Thumb Code     0  startup_stm32f429_439xx.o(.text)
    TIM6_DAC_IRQHandler                      0x080001df   Thumb Code     0  startup_stm32f429_439xx.o(.text)
    TIM7_IRQHandler                          0x080001df   Thumb Code     0  startup_stm32f429_439xx.o(.text)
    TIM8_BRK_TIM12_IRQHandler                0x080001df   Thumb Code     0  startup_stm32f429_439xx.o(.text)
    TIM8_CC_IRQHandler                       0x080001df   Thumb Code     0  startup_stm32f429_439xx.o(.text)
    TIM8_TRG_COM_TIM14_IRQHandler            0x080001df   Thumb Code     0  startup_stm32f429_439xx.o(.text)
    TIM8_UP_TIM13_IRQHandler                 0x080001df   Thumb Code     0  startup_stm32f429_439xx.o(.text)
    UART4_IRQHandler                         0x080001df   Thumb Code     0  startup_stm32f429_439xx.o(.text)
    UART5_IRQHandler                         0x080001df   Thumb Code     0  startup_stm32f429_439xx.o(.text)
    UART7_IRQHandler                         0x080001df   Thumb Code     0  startup_stm32f429_439xx.o(.text)
    UART8_IRQHandler                         0x080001df   Thumb Code     0  startup_stm32f429_439xx.o(.text)
    USART1_IRQHandler                        0x080001df   Thumb Code     0  startup_stm32f429_439xx.o(.text)
    USART2_IRQHandler                        0x080001df   Thumb Code     0  startup_stm32f429_439xx.o(.text)
    USART3_IRQHandler                        0x080001df   Thumb Code     0  startup_stm32f429_439xx.o(.text)
    USART6_IRQHandler                        0x080001df   Thumb Code     0  startup_stm32f429_439xx.o(.text)
    WWDG_IRQHandler                          0x080001df   Thumb Code     0  startup_stm32f429_439xx.o(.text)
    rt_hw_interrupt_disable                  0x080001ed   Thumb Code     8  context_rvds.o(.text)
    rt_hw_interrupt_enable                   0x080001f5   Thumb Code     6  context_rvds.o(.text)
    rt_hw_context_switch                     0x080001fb   Thumb Code    32  context_rvds.o(.text)
    rt_hw_context_switch_interrupt           0x080001fb   Thumb Code     0  context_rvds.o(.text)
    PendSV_Handler                           0x0800021b   Thumb Code   108  context_rvds.o(.text)
    rt_hw_context_switch_to                  0x08000287   Thumb Code    70  context_rvds.o(.text)
    rt_hw_interrupt_thread_switch            0x080002cd   Thumb Code     2  context_rvds.o(.text)
    HardFault_Handler                        0x080002cf   Thumb Code    56  context_rvds.o(.text)
    __aeabi_uldivmod                         0x08000321   Thumb Code    98  uldiv.o(.text)
    __scatterload                            0x08000385   Thumb Code    28  init.o(.text)
    __scatterload_rt2                        0x08000385   Thumb Code     0  init.o(.text)
    __aeabi_llsl                             0x080003a9   Thumb Code    30  llshl.o(.text)
    _ll_shift_l                              0x080003a9   Thumb Code     0  llshl.o(.text)
    __aeabi_llsr                             0x080003c7   Thumb Code    32  llushr.o(.text)
    _ll_ushift_r                             0x080003c7   Thumb Code     0  llushr.o(.text)
    __decompress                             0x080003e7   Thumb Code     0  __dczerorl2.o(.text)
    __decompress1                            0x080003e7   Thumb Code    86  __dczerorl2.o(.text)
    main                                     0x0800043d   Thumb Code    14  components.o(i.$Sub$$main)
    BusFault_Handler                         0x0800044b   Thumb Code     4  stm32f4xx_it.o(i.BusFault_Handler)
    DMA2D_DeInit                             0x0800044f   Thumb Code    22  stm32f4xx_dma2d.o(i.DMA2D_DeInit)
    DMA2D_GetFlagStatus                      0x08000465   Thumb Code    20  stm32f4xx_dma2d.o(i.DMA2D_GetFlagStatus)
    DMA2D_Init                               0x0800047d   Thumb Code   218  stm32f4xx_dma2d.o(i.DMA2D_Init)
    DMA2D_StartTransfer                      0x08000561   Thumb Code    14  stm32f4xx_dma2d.o(i.DMA2D_StartTransfer)
    DebugMon_Handler                         0x08000575   Thumb Code     2  stm32f4xx_it.o(i.DebugMon_Handler)
    FMC_GetFlagStatus                        0x08000579   Thumb Code    68  stm32f4xx_fmc.o(i.FMC_GetFlagStatus)
    FMC_SDRAMCmdConfig                       0x080005c1   Thumb Code    28  stm32f4xx_fmc.o(i.FMC_SDRAMCmdConfig)
    FMC_SDRAMInit                            0x080005e1   Thumb Code   318  stm32f4xx_fmc.o(i.FMC_SDRAMInit)
    FMC_SetRefreshCount                      0x08000725   Thumb Code    18  stm32f4xx_fmc.o(i.FMC_SetRefreshCount)
    GPIO_Init                                0x0800073d   Thumb Code   144  stm32f4xx_gpio.o(i.GPIO_Init)
    GPIO_PinAFConfig                         0x080007cd   Thumb Code    70  stm32f4xx_gpio.o(i.GPIO_PinAFConfig)
    GPIO_ReadInputDataBit                    0x08000813   Thumb Code    18  stm32f4xx_gpio.o(i.GPIO_ReadInputDataBit)
    GPIO_ResetBits                           0x08000825   Thumb Code     4  stm32f4xx_gpio.o(i.GPIO_ResetBits)
    GPIO_SetBits                             0x08000829   Thumb Code     4  stm32f4xx_gpio.o(i.GPIO_SetBits)
    GT9XX_ReadReg                            0x0800082d   Thumb Code   100  touch_043.o(i.GT9XX_ReadReg)
    GT9XX_Reset                              0x08000891   Thumb Code    78  touch_043.o(i.GT9XX_Reset)
    GT9XX_WriteHandle                        0x080008ed   Thumb Code    46  touch_043.o(i.GT9XX_WriteHandle)
    LCD_Clear                                0x0800091d   Thumb Code   266  lcd_rgb.o(i.LCD_Clear)
    LCD_DisplayMode                          0x08000a35   Thumb Code     6  lcd_rgb.o(i.LCD_DisplayMode)
    LCD_GPIO_Config                          0x08000a41   Thumb Code   712  lcd_rgb.o(i.LCD_GPIO_Config)
    LCD_Init                                 0x08000d19   Thumb Code   234  lcd_rgb.o(i.LCD_Init)
    LCD_LayerInit                            0x08000e15   Thumb Code   160  lcd_rgb.o(i.LCD_LayerInit)
    LCD_SetBackColor                         0x08000ebd   Thumb Code   110  lcd_rgb.o(i.LCD_SetBackColor)
    LCD_SetColor                             0x08000f31   Thumb Code   110  lcd_rgb.o(i.LCD_SetColor)
    LCD_SetFont                              0x08000fa5   Thumb Code     6  lcd_rgb.o(i.LCD_SetFont)
    LCD_SetLayer                             0x08000fb1   Thumb Code    40  lcd_rgb.o(i.LCD_SetLayer)
    LCD_ShowNumMode                          0x08000fe1   Thumb Code     6  lcd_rgb.o(i.LCD_ShowNumMode)
    LED_Init                                 0x08000fed   Thumb Code    62  led.o(i.LED_Init)
    LTDC_Cmd                                 0x08001035   Thumb Code    30  stm32f4xx_ltdc.o(i.LTDC_Cmd)
    LTDC_DitherCmd                           0x08001059   Thumb Code    30  stm32f4xx_ltdc.o(i.LTDC_DitherCmd)
    LTDC_Init                                0x0800107d   Thumb Code   378  stm32f4xx_ltdc.o(i.LTDC_Init)
    LTDC_LayerCmd                            0x08001205   Thumb Code    22  stm32f4xx_ltdc.o(i.LTDC_LayerCmd)
    LTDC_LayerInit                           0x0800121b   Thumb Code   276  stm32f4xx_ltdc.o(i.LTDC_LayerInit)
    LTDC_ReloadConfig                        0x08001331   Thumb Code     6  stm32f4xx_ltdc.o(i.LTDC_ReloadConfig)
    MemManage_Handler                        0x0800133d   Thumb Code     4  stm32f4xx_it.o(i.MemManage_Handler)
    NMI_Handler                              0x08001341   Thumb Code     2  stm32f4xx_it.o(i.NMI_Handler)
    RCC_AHB1PeriphClockCmd                   0x08001345   Thumb Code    26  stm32f4xx_rcc.o(i.RCC_AHB1PeriphClockCmd)
    RCC_AHB1PeriphResetCmd                   0x08001365   Thumb Code    26  stm32f4xx_rcc.o(i.RCC_AHB1PeriphResetCmd)
    RCC_AHB3PeriphClockCmd                   0x08001385   Thumb Code    26  stm32f4xx_rcc.o(i.RCC_AHB3PeriphClockCmd)
    RCC_APB2PeriphClockCmd                   0x080013a5   Thumb Code    26  stm32f4xx_rcc.o(i.RCC_APB2PeriphClockCmd)
    RCC_GetClocksFreq                        0x080013c5   Thumb Code   214  stm32f4xx_rcc.o(i.RCC_GetClocksFreq)
    RCC_GetFlagStatus                        0x080014ad   Thumb Code    60  stm32f4xx_rcc.o(i.RCC_GetFlagStatus)
    RCC_LTDCCLKDivConfig                     0x080014ed   Thumb Code    18  stm32f4xx_rcc.o(i.RCC_LTDCCLKDivConfig)
    RCC_PLLSAICmd                            0x08001505   Thumb Code     6  stm32f4xx_rcc.o(i.RCC_PLLSAICmd)
    RCC_PLLSAIConfig                         0x08001511   Thumb Code    18  stm32f4xx_rcc.o(i.RCC_PLLSAIConfig)
    SDRAM_GPIO_Config                        0x08001529   Thumb Code  1356  sdram.o(i.SDRAM_GPIO_Config)
    SDRAM_Init                               0x08001a8d   Thumb Code   126  sdram.o(i.SDRAM_Init)
    SDRAM_InitSequence                       0x08001b0b   Thumb Code   184  sdram.o(i.SDRAM_InitSequence)
    SDRAM_Test                               0x08001bc5   Thumb Code   160  sdram.o(i.SDRAM_Test)
    SDRAM_delay                              0x08001d7d   Thumb Code    32  sdram.o(i.SDRAM_delay)
    SVC_Handler                              0x08001da1   Thumb Code     2  stm32f4xx_it.o(i.SVC_Handler)
    SysTick_Handler                          0x08001ec5   Thumb Code    32  board.o(i.SysTick_Handler)
    SystemInit                               0x08001ee9   Thumb Code    88  system_stm32f4xx.o(i.SystemInit)
    Touch_IIC_ACK                            0x08001f51   Thumb Code    74  touch_iic.o(i.Touch_IIC_ACK)
    Touch_IIC_Delay                          0x08001fa5   Thumb Code    24  touch_iic.o(i.Touch_IIC_Delay)
    Touch_IIC_GPIO_Config                    0x08001fbd   Thumb Code   136  touch_iic.o(i.Touch_IIC_GPIO_Config)
    Touch_IIC_NoACK                          0x08002055   Thumb Code    66  touch_iic.o(i.Touch_IIC_NoACK)
    Touch_IIC_ReadByte                       0x080020a1   Thumb Code    88  touch_iic.o(i.Touch_IIC_ReadByte)
    Touch_IIC_Start                          0x08002101   Thumb Code    58  touch_iic.o(i.Touch_IIC_Start)
    Touch_IIC_Stop                           0x08002145   Thumb Code    64  touch_iic.o(i.Touch_IIC_Stop)
    Touch_IIC_WaitACK                        0x0800218d   Thumb Code    70  touch_iic.o(i.Touch_IIC_WaitACK)
    Touch_IIC_WriteByte                      0x080021dd   Thumb Code    94  touch_iic.o(i.Touch_IIC_WriteByte)
    Touch_INT_In                             0x08002245   Thumb Code    32  touch_iic.o(i.Touch_INT_In)
    Touch_INT_Out                            0x08002269   Thumb Code    42  touch_iic.o(i.Touch_INT_Out)
    Touch_Init                               0x08002299   Thumb Code    56  touch_043.o(i.Touch_Init)
    USART1_GPIO_Config                       0x080022d1   Thumb Code    84  usart.o(i.USART1_GPIO_Config)
    USART_Cmd                                0x08002329   Thumb Code    24  stm32f4xx_usart.o(i.USART_Cmd)
    USART_GetFlagStatus                      0x08002341   Thumb Code    26  stm32f4xx_usart.o(i.USART_GetFlagStatus)
    USART_Init                               0x0800235d   Thumb Code   204  stm32f4xx_usart.o(i.USART_Init)
    USART_SendData                           0x08002431   Thumb Code     8  stm32f4xx_usart.o(i.USART_SendData)
    UsageFault_Handler                       0x08002439   Thumb Code     4  stm32f4xx_it.o(i.UsageFault_Handler)
    Usart1_Config                            0x0800243d   Thumb Code    64  usart.o(i.Usart1_Config)
    __0printf$5                              0x08002481   Thumb Code    22  printf5.o(i.__0printf$5)
    __1printf$5                              0x08002481   Thumb Code     0  printf5.o(i.__0printf$5)
    __2printf                                0x08002481   Thumb Code     0  printf5.o(i.__0printf$5)
    __rt_ffs                                 0x080024a1   Thumb Code    70  kservice.o(i.__rt_ffs)
    __scatterload_copy                       0x080024ed   Thumb Code    14  handlers.o(i.__scatterload_copy)
    __scatterload_null                       0x080024fb   Thumb Code     2  handlers.o(i.__scatterload_null)
    __scatterload_zeroinit                   0x080024fd   Thumb Code    14  handlers.o(i.__scatterload_zeroinit)
    fputc                                    0x080028d5   Thumb Code    32  usart.o(i.fputc)
    $Super$$main                             0x0800292d   Thumb Code    50  main.o(i.main)
    main_thread_entry                        0x0800298d   Thumb Code    14  components.o(i.main_thread_entry)
    rt_application_init                      0x08002b35   Thumb Code    44  components.o(i.rt_application_init)
    rt_components_board_init                 0x08002b75   Thumb Code    20  components.o(i.rt_components_board_init)
    rt_components_init                       0x08002b91   Thumb Code    20  components.o(i.rt_components_init)
    rt_enter_critical                        0x08002bad   Thumb Code    28  scheduler.o(i.rt_enter_critical)
    rt_exit_critical                         0x08002bcd   Thumb Code    54  scheduler.o(i.rt_exit_critical)
    rt_hw_board_init                         0x08002c09   Thumb Code   126  board.o(i.rt_hw_board_init)
    rt_hw_console_output                     0x08002cbd   Thumb Code    74  board.o(i.rt_hw_console_output)
    rt_hw_hard_fault_exception               0x08002d0d   Thumb Code   212  cpuport.o(i.rt_hw_hard_fault_exception)
    rt_hw_stack_init                         0x08002f31   Thumb Code    74  cpuport.o(i.rt_hw_stack_init)
    rt_interrupt_enter                       0x08002f81   Thumb Code    26  irq.o(i.rt_interrupt_enter)
    rt_interrupt_leave                       0x08002fa1   Thumb Code    26  irq.o(i.rt_interrupt_leave)
    rt_kprintf                               0x08002fc1   Thumb Code    44  kservice.o(i.rt_kprintf)
    rt_memset                                0x0800303b   Thumb Code    72  kservice.o(i.rt_memset)
    rt_object_detach                         0x08003083   Thumb Code    44  object.o(i.rt_object_detach)
    rt_object_get_information                0x080030b1   Thumb Code    36  object.o(i.rt_object_get_information)
    rt_object_init                           0x080030d9   Thumb Code    70  object.o(i.rt_object_init)
    rt_object_is_systemobject                0x0800311f   Thumb Code    18  object.o(i.rt_object_is_systemobject)
    rt_schedule                              0x08003131   Thumb Code   118  scheduler.o(i.rt_schedule)
    rt_schedule_insert_thread                0x080031c1   Thumb Code    72  scheduler.o(i.rt_schedule_insert_thread)
    rt_schedule_remove_thread                0x08003211   Thumb Code    76  scheduler.o(i.rt_schedule_remove_thread)
    rt_show_version                          0x08003265   Thumb Code    38  kservice.o(i.rt_show_version)
    rt_strlen                                0x08003315   Thumb Code    18  kservice.o(i.rt_strlen)
    rt_strncpy                               0x08003327   Thumb Code    52  kservice.o(i.rt_strncpy)
    rt_system_scheduler_init                 0x0800335d   Thumb Code    52  scheduler.o(i.rt_system_scheduler_init)
    rt_system_scheduler_start                0x080033a9   Thumb Code    36  scheduler.o(i.rt_system_scheduler_start)
    rt_system_timer_init                     0x080033d9   Thumb Code    24  timer.o(i.rt_system_timer_init)
    rt_system_timer_thread_init              0x080033f5   Thumb Code     2  timer.o(i.rt_system_timer_thread_init)
    rt_thread_delay                          0x080033f7   Thumb Code    12  thread.o(i.rt_thread_delay)
    rt_thread_exit                           0x08003405   Thumb Code    76  thread.o(i.rt_thread_exit)
    rt_thread_idle_excute                    0x08003461   Thumb Code   116  idle.o(i.rt_thread_idle_excute)
    rt_thread_idle_init                      0x080034d9   Thumb Code    38  idle.o(i.rt_thread_idle_init)
    rt_thread_init                           0x08003515   Thumb Code    52  thread.o(i.rt_thread_init)
    rt_thread_resume                         0x08003549   Thumb Code    60  thread.o(i.rt_thread_resume)
    rt_thread_self                           0x08003585   Thumb Code     6  thread.o(i.rt_thread_self)
    rt_thread_sleep                          0x08003591   Thumb Code    62  thread.o(i.rt_thread_sleep)
    rt_thread_startup                        0x080035d5   Thumb Code    44  thread.o(i.rt_thread_startup)
    rt_thread_suspend                        0x08003601   Thumb Code    68  thread.o(i.rt_thread_suspend)
    rt_thread_timeout                        0x08003645   Thumb Code    32  thread.o(i.rt_thread_timeout)
    rt_thread_yield                          0x08003665   Thumb Code    92  thread.o(i.rt_thread_yield)
    rt_tick_get                              0x080036c9   Thumb Code     6  clock.o(i.rt_tick_get)
    rt_tick_increase                         0x080036d5   Thumb Code    42  clock.o(i.rt_tick_increase)
    rt_timer_check                           0x08003705   Thumb Code   118  timer.o(i.rt_timer_check)
    rt_timer_control                         0x08003781   Thumb Code    56  timer.o(i.rt_timer_control)
    rt_timer_detach                          0x080037b9   Thumb Code    32  timer.o(i.rt_timer_detach)
    rt_timer_init                            0x080037d9   Thumb Code    46  timer.o(i.rt_timer_init)
    rt_timer_start                           0x08003809   Thumb Code   238  timer.o(i.rt_timer_start)
    rt_timer_stop                            0x08003901   Thumb Code    48  timer.o(i.rt_timer_stop)
    rt_vsnprintf                             0x08003931   Thumb Code   800  kservice.o(i.rt_vsnprintf)
    rtthread_startup                         0x08003c69   Thumb Code    42  components.o(i.rtthread_startup)
    ASCII_3216_Table                         0x08003cb8   Data        6080  lcd_fonts.o(.constdata)
    ASCII_2412_Table                         0x08005478   Data        4560  lcd_fonts.o(.constdata)
    ASCII_2010_Table                         0x08006648   Data        3800  lcd_fonts.o(.constdata)
    ASCII_1608_Table                         0x08007520   Data        1520  lcd_fonts.o(.constdata)
    ASCII_1206_Table                         0x08007b10   Data        1140  lcd_fonts.o(.constdata)
    __lowest_bit_bitmap                      0x08007f84   Data         256  kservice.o(.constdata)
    __rt_init_rti_start                      0x080080a8   Data           4  components.o(.rti_fn.0)
    __rt_init_rti_board_start                0x080080ac   Data           4  components.o(.rti_fn.0.end)
    __rt_init_rti_board_end                  0x080080b0   Data           4  components.o(.rti_fn.1.end)
    __rt_init_rti_end                        0x080080b4   Data           4  components.o(.rti_fn.6.end)
    Region$$Table$$Base                      0x080080b8   Number         0  anon$$obj.o(Region$$Table)
    Region$$Table$$Limit                     0x080080e8   Number         0  anon$$obj.o(Region$$Table)
    SystemCoreClock                          0x20000000   Data           4  system_stm32f4xx.o(.data)
    AHBPrescTable                            0x20000004   Data          16  system_stm32f4xx.o(.data)
    TimingDelay                              0x20000024   Data           4  delay.o(.data)
    Font32                                   0x20000028   Data          12  lcd_fonts.o(.data)
    Font24                                   0x20000034   Data          12  lcd_fonts.o(.data)
    Font20                                   0x20000040   Data          12  lcd_fonts.o(.data)
    Font16                                   0x2000004c   Data          12  lcd_fonts.o(.data)
    Font12                                   0x20000058   Data          12  lcd_fonts.o(.data)
    LCD_MemoryAdd                            0x20000068   Data           4  lcd_rgb.o(.data)
    rt_interrupt_nest                        0x20000070   Data           1  irq.o(.data)
    rt_current_thread                        0x200000c8   Data           4  scheduler.o(.data)
    rt_current_priority                      0x200000cc   Data           1  scheduler.o(.data)
    rt_thread_ready_priority_group           0x200000d0   Data           4  scheduler.o(.data)
    rt_thread_defunct                        0x200000d4   Data           8  scheduler.o(.data)
    rt_interrupt_from_thread                 0x200000e8   Data           4  cpuport.o(.data)
    rt_interrupt_to_thread                   0x200000ec   Data           4  cpuport.o(.data)
    rt_thread_switch_interrupt_flag          0x200000f0   Data           4  cpuport.o(.data)
    __stdout                                 0x200000f8   Data           4  stdout.o(.data)
    LCD                                      0x200000fc   Data          16  lcd_rgb.o(.bss)
    led1_thread                              0x2000010c   Data         128  main.o(.bss)
    main_thread                              0x20000390   Data         128  components.o(.bss)
    rt_thread_priority_table                 0x20000590   Data         256  scheduler.o(.bss)
    __initial_sp                             0x20000a90   Data           0  startup_stm32f429_439xx.o(STACK)
    LCD_Frame_Buffer                         0xd0000000   Data       783360  lcd_rgb.o(EXRAM)
    rt_led1_thread_stack                     0xd00bf400   Data        1024  main.o(EXRAM)
    __heap_limit                             0xd1000000   Number         0  startup_stm32f429_439xx.o ABSOLUTE



==============================================================================

Memory Map of the image

  Image Entry point : 0x080001ad

  Load Region LR_IROM1 (Base: 0x08000000, Size: 0x000c79e4, Max: 0x00200000, ABSOLUTE, COMPRESSED[0x000099f0])

    Execution Region ER_IROM1 (Exec base: 0x08000000, Load base: 0x08000000, Size: 0x000080e8, Max: 0x00200000, ABSOLUTE)

    Exec Addr    Load Addr    Size         Type   Attr      Idx    E Section Name        Object

    0x08000000   0x08000000   0x000001ac   Data   RO            3    RESET               startup_stm32f429_439xx.o
    0x080001ac   0x080001ac   0x00000000   Code   RO         6762  * .ARM.Collect$$$$00000000  mc_w.l(entry.o)
    0x080001ac   0x080001ac   0x00000004   Code   RO         7026    .ARM.Collect$$$$00000001  mc_w.l(entry2.o)
    0x080001b0   0x080001b0   0x00000004   Code   RO         7029    .ARM.Collect$$$$00000004  mc_w.l(entry5.o)
    0x080001b4   0x080001b4   0x00000000   Code   RO         7031    .ARM.Collect$$$$00000008  mc_w.l(entry7b.o)
    0x080001b4   0x080001b4   0x00000000   Code   RO         7033    .ARM.Collect$$$$0000000A  mc_w.l(entry8b.o)
    0x080001b4   0x080001b4   0x00000008   Code   RO         7034    .ARM.Collect$$$$0000000B  mc_w.l(entry9a.o)
    0x080001bc   0x080001bc   0x00000000   Code   RO         7036    .ARM.Collect$$$$0000000D  mc_w.l(entry10a.o)
    0x080001bc   0x080001bc   0x00000000   Code   RO         7038    .ARM.Collect$$$$0000000F  mc_w.l(entry11a.o)
    0x080001bc   0x080001bc   0x00000004   Code   RO         7027    .ARM.Collect$$$$00002712  mc_w.l(entry2.o)
    0x080001c0   0x080001c0   0x0000002c   Code   RO            4    .text               startup_stm32f429_439xx.o
    0x080001ec   0x080001ec   0x00000134   Code   RO         6719    .text               context_rvds.o
    0x08000320   0x08000320   0x00000062   Code   RO         7043    .text               mc_w.l(uldiv.o)
    0x08000382   0x08000382   0x00000002   PAD
    0x08000384   0x08000384   0x00000024   Code   RO         7056    .text               mc_w.l(init.o)
    0x080003a8   0x080003a8   0x0000001e   Code   RO         7058    .text               mc_w.l(llshl.o)
    0x080003c6   0x080003c6   0x00000020   Code   RO         7060    .text               mc_w.l(llushr.o)
    0x080003e6   0x080003e6   0x00000056   Code   RO         7074    .text               mc_w.l(__dczerorl2.o)
    0x0800043c   0x0800043c   0x0000000e   Code   RO         5915    i.$Sub$$main        components.o
    0x0800044a   0x0800044a   0x00000004   Code   RO         5766    i.BusFault_Handler  stm32f4xx_it.o
    0x0800044e   0x0800044e   0x00000016   Code   RO         1358    i.DMA2D_DeInit      stm32f4xx_dma2d.o
    0x08000464   0x08000464   0x00000018   Code   RO         1363    i.DMA2D_GetFlagStatus  stm32f4xx_dma2d.o
    0x0800047c   0x0800047c   0x000000e4   Code   RO         1366    i.DMA2D_Init        stm32f4xx_dma2d.o
    0x08000560   0x08000560   0x00000014   Code   RO         1368    i.DMA2D_StartTransfer  stm32f4xx_dma2d.o
    0x08000574   0x08000574   0x00000002   Code   RO         5767    i.DebugMon_Handler  stm32f4xx_it.o
    0x08000576   0x08000576   0x00000002   PAD
    0x08000578   0x08000578   0x00000048   Code   RO         1844    i.FMC_GetFlagStatus  stm32f4xx_fmc.o
    0x080005c0   0x080005c0   0x00000020   Code   RO         1861    i.FMC_SDRAMCmdConfig  stm32f4xx_fmc.o
    0x080005e0   0x080005e0   0x00000144   Code   RO         1863    i.FMC_SDRAMInit     stm32f4xx_fmc.o
    0x08000724   0x08000724   0x00000018   Code   RO         1867    i.FMC_SetRefreshCount  stm32f4xx_fmc.o
    0x0800073c   0x0800073c   0x00000090   Code   RO         2046    i.GPIO_Init         stm32f4xx_gpio.o
    0x080007cc   0x080007cc   0x00000046   Code   RO         2047    i.GPIO_PinAFConfig  stm32f4xx_gpio.o
    0x08000812   0x08000812   0x00000012   Code   RO         2050    i.GPIO_ReadInputDataBit  stm32f4xx_gpio.o
    0x08000824   0x08000824   0x00000004   Code   RO         2053    i.GPIO_ResetBits    stm32f4xx_gpio.o
    0x08000828   0x08000828   0x00000004   Code   RO         2054    i.GPIO_SetBits      stm32f4xx_gpio.o
    0x0800082c   0x0800082c   0x00000064   Code   RO         5320    i.GT9XX_ReadReg     touch_043.o
    0x08000890   0x08000890   0x0000005c   Code   RO         5321    i.GT9XX_Reset       touch_043.o
    0x080008ec   0x080008ec   0x0000002e   Code   RO         5324    i.GT9XX_WriteHandle  touch_043.o
    0x0800091a   0x0800091a   0x00000002   PAD
    0x0800091c   0x0800091c   0x00000118   Code   RO         5503    i.LCD_Clear         lcd_rgb.o
    0x08000a34   0x08000a34   0x0000000c   Code   RO         5505    i.LCD_DisplayMode   lcd_rgb.o
    0x08000a40   0x08000a40   0x000002d8   Code   RO         5515    i.LCD_GPIO_Config   lcd_rgb.o
    0x08000d18   0x08000d18   0x000000fc   Code   RO         5516    i.LCD_Init          lcd_rgb.o
    0x08000e14   0x08000e14   0x000000a8   Code   RO         5517    i.LCD_LayerInit     lcd_rgb.o
    0x08000ebc   0x08000ebc   0x00000074   Code   RO         5519    i.LCD_SetBackColor  lcd_rgb.o
    0x08000f30   0x08000f30   0x00000074   Code   RO         5520    i.LCD_SetColor      lcd_rgb.o
    0x08000fa4   0x08000fa4   0x0000000c   Code   RO         5521    i.LCD_SetFont       lcd_rgb.o
    0x08000fb0   0x08000fb0   0x00000030   Code   RO         5522    i.LCD_SetLayer      lcd_rgb.o
    0x08000fe0   0x08000fe0   0x0000000c   Code   RO         5523    i.LCD_ShowNumMode   lcd_rgb.o
    0x08000fec   0x08000fec   0x00000048   Code   RO         5161    i.LED_Init          led.o
    0x08001034   0x08001034   0x00000024   Code   RO         2620    i.LTDC_Cmd          stm32f4xx_ltdc.o
    0x08001058   0x08001058   0x00000024   Code   RO         2624    i.LTDC_DitherCmd    stm32f4xx_ltdc.o
    0x0800107c   0x0800107c   0x00000188   Code   RO         2631    i.LTDC_Init         stm32f4xx_ltdc.o
    0x08001204   0x08001204   0x00000016   Code   RO         2635    i.LTDC_LayerCmd     stm32f4xx_ltdc.o
    0x0800121a   0x0800121a   0x00000114   Code   RO         2636    i.LTDC_LayerInit    stm32f4xx_ltdc.o
    0x0800132e   0x0800132e   0x00000002   PAD
    0x08001330   0x08001330   0x0000000c   Code   RO         2643    i.LTDC_ReloadConfig  stm32f4xx_ltdc.o
    0x0800133c   0x0800133c   0x00000004   Code   RO         5768    i.MemManage_Handler  stm32f4xx_it.o
    0x08001340   0x08001340   0x00000002   Code   RO         5769    i.NMI_Handler       stm32f4xx_it.o
    0x08001342   0x08001342   0x00000002   PAD
    0x08001344   0x08001344   0x00000020   Code   RO         2960    i.RCC_AHB1PeriphClockCmd  stm32f4xx_rcc.o
    0x08001364   0x08001364   0x00000020   Code   RO         2962    i.RCC_AHB1PeriphResetCmd  stm32f4xx_rcc.o
    0x08001384   0x08001384   0x00000020   Code   RO         2966    i.RCC_AHB3PeriphClockCmd  stm32f4xx_rcc.o
    0x080013a4   0x080013a4   0x00000020   Code   RO         2972    i.RCC_APB2PeriphClockCmd  stm32f4xx_rcc.o
    0x080013c4   0x080013c4   0x000000e8   Code   RO         2981    i.RCC_GetClocksFreq  stm32f4xx_rcc.o
    0x080014ac   0x080014ac   0x00000040   Code   RO         2982    i.RCC_GetFlagStatus  stm32f4xx_rcc.o
    0x080014ec   0x080014ec   0x00000018   Code   RO         2993    i.RCC_LTDCCLKDivConfig  stm32f4xx_rcc.o
    0x08001504   0x08001504   0x0000000c   Code   RO         3002    i.RCC_PLLSAICmd     stm32f4xx_rcc.o
    0x08001510   0x08001510   0x00000018   Code   RO         3003    i.RCC_PLLSAIConfig  stm32f4xx_rcc.o
    0x08001528   0x08001528   0x00000564   Code   RO         5218    i.SDRAM_GPIO_Config  sdram.o
    0x08001a8c   0x08001a8c   0x0000007e   Code   RO         5219    i.SDRAM_Init        sdram.o
    0x08001b0a   0x08001b0a   0x000000b8   Code   RO         5220    i.SDRAM_InitSequence  sdram.o
    0x08001bc2   0x08001bc2   0x00000002   PAD
    0x08001bc4   0x08001bc4   0x000001b8   Code   RO         5221    i.SDRAM_Test        sdram.o
    0x08001d7c   0x08001d7c   0x00000024   Code   RO         5222    i.SDRAM_delay       sdram.o
    0x08001da0   0x08001da0   0x00000002   Code   RO         5770    i.SVC_Handler       stm32f4xx_it.o
    0x08001da2   0x08001da2   0x00000002   PAD
    0x08001da4   0x08001da4   0x00000120   Code   RO           13    i.SetSysClock       system_stm32f4xx.o
    0x08001ec4   0x08001ec4   0x00000024   Code   RO         5823    i.SysTick_Handler   board.o
    0x08001ee8   0x08001ee8   0x00000068   Code   RO           15    i.SystemInit        system_stm32f4xx.o
    0x08001f50   0x08001f50   0x00000054   Code   RO         5405    i.Touch_IIC_ACK     touch_iic.o
    0x08001fa4   0x08001fa4   0x00000018   Code   RO         5406    i.Touch_IIC_Delay   touch_iic.o
    0x08001fbc   0x08001fbc   0x00000098   Code   RO         5407    i.Touch_IIC_GPIO_Config  touch_iic.o
    0x08002054   0x08002054   0x0000004c   Code   RO         5408    i.Touch_IIC_NoACK   touch_iic.o
    0x080020a0   0x080020a0   0x00000060   Code   RO         5409    i.Touch_IIC_ReadByte  touch_iic.o
    0x08002100   0x08002100   0x00000044   Code   RO         5410    i.Touch_IIC_Start   touch_iic.o
    0x08002144   0x08002144   0x00000048   Code   RO         5411    i.Touch_IIC_Stop    touch_iic.o
    0x0800218c   0x0800218c   0x00000050   Code   RO         5412    i.Touch_IIC_WaitACK  touch_iic.o
    0x080021dc   0x080021dc   0x00000068   Code   RO         5413    i.Touch_IIC_WriteByte  touch_iic.o
    0x08002244   0x08002244   0x00000024   Code   RO         5414    i.Touch_INT_In      touch_iic.o
    0x08002268   0x08002268   0x00000030   Code   RO         5415    i.Touch_INT_Out     touch_iic.o
    0x08002298   0x08002298   0x00000038   Code   RO         5326    i.Touch_Init        touch_043.o
    0x080022d0   0x080022d0   0x00000058   Code   RO         5276    i.USART1_GPIO_Config  usart.o
    0x08002328   0x08002328   0x00000018   Code   RO         4907    i.USART_Cmd         stm32f4xx_usart.o
    0x08002340   0x08002340   0x0000001a   Code   RO         4910    i.USART_GetFlagStatus  stm32f4xx_usart.o
    0x0800235a   0x0800235a   0x00000002   PAD
    0x0800235c   0x0800235c   0x000000d4   Code   RO         4914    i.USART_Init        stm32f4xx_usart.o
    0x08002430   0x08002430   0x00000008   Code   RO         4924    i.USART_SendData    stm32f4xx_usart.o
    0x08002438   0x08002438   0x00000004   Code   RO         5771    i.UsageFault_Handler  stm32f4xx_it.o
    0x0800243c   0x0800243c   0x00000044   Code   RO         5277    i.Usart1_Config     usart.o
    0x08002480   0x08002480   0x00000020   Code   RO         6898    i.__0printf$5       mc_w.l(printf5.o)
    0x080024a0   0x080024a0   0x0000004c   Code   RO         6203    i.__rt_ffs          kservice.o
    0x080024ec   0x080024ec   0x0000000e   Code   RO         7068    i.__scatterload_copy  mc_w.l(handlers.o)
    0x080024fa   0x080024fa   0x00000002   Code   RO         7069    i.__scatterload_null  mc_w.l(handlers.o)
    0x080024fc   0x080024fc   0x0000000e   Code   RO         7070    i.__scatterload_zeroinit  mc_w.l(handlers.o)
    0x0800250a   0x0800250a   0x00000002   PAD
    0x0800250c   0x0800250c   0x00000014   Code   RO         5990    i._has_defunct_thread  idle.o
    0x08002520   0x08002520   0x000002c0   Code   RO         6905    i._printf_core      mc_w.l(printf5.o)
    0x080027e0   0x080027e0   0x00000084   Code   RO         6515    i._rt_thread_init   thread.o
    0x08002864   0x08002864   0x00000042   Code   RO         6624    i._rt_timer_init    timer.o
    0x080028a6   0x080028a6   0x0000002e   Code   RO         6625    i._rt_timer_remove  timer.o
    0x080028d4   0x080028d4   0x00000024   Code   RO         5278    i.fputc             usart.o
    0x080028f8   0x080028f8   0x00000034   Code   RO         5668    i.led1_thread_entry  main.o
    0x0800292c   0x0800292c   0x00000060   Code   RO         5669    i.main              main.o
    0x0800298c   0x0800298c   0x0000000e   Code   RO         5916    i.main_thread_entry  components.o
    0x0800299a   0x0800299a   0x00000002   PAD
    0x0800299c   0x0800299c   0x00000198   Code   RO         6205    i.print_number      kservice.o
    0x08002b34   0x08002b34   0x00000040   Code   RO         5917    i.rt_application_init  components.o
    0x08002b74   0x08002b74   0x0000001c   Code   RO         5918    i.rt_components_board_init  components.o
    0x08002b90   0x08002b90   0x0000001c   Code   RO         5919    i.rt_components_init  components.o
    0x08002bac   0x08002bac   0x00000020   Code   RO         6434    i.rt_enter_critical  scheduler.o
    0x08002bcc   0x08002bcc   0x0000003c   Code   RO         6435    i.rt_exit_critical  scheduler.o
    0x08002c08   0x08002c08   0x000000b4   Code   RO         5824    i.rt_hw_board_init  board.o
    0x08002cbc   0x08002cbc   0x00000050   Code   RO         5825    i.rt_hw_console_output  board.o
    0x08002d0c   0x08002d0c   0x00000224   Code   RO         6726    i.rt_hw_hard_fault_exception  cpuport.o
    0x08002f30   0x08002f30   0x00000050   Code   RO         6727    i.rt_hw_stack_init  cpuport.o
    0x08002f80   0x08002f80   0x00000020   Code   RO         6176    i.rt_interrupt_enter  irq.o
    0x08002fa0   0x08002fa0   0x00000020   Code   RO         6178    i.rt_interrupt_leave  irq.o
    0x08002fc0   0x08002fc0   0x00000030   Code   RO         6208    i.rt_kprintf        kservice.o
    0x08002ff0   0x08002ff0   0x00000006   Code   RO         6436    i.rt_list_init      scheduler.o
    0x08002ff6   0x08002ff6   0x00000006   Code   RO         6626    i.rt_list_init      timer.o
    0x08002ffc   0x08002ffc   0x0000000e   Code   RO         6516    i.rt_list_insert_after  thread.o
    0x0800300a   0x0800300a   0x0000000e   Code   RO         6627    i.rt_list_insert_after  timer.o
    0x08003018   0x08003018   0x00000010   Code   RO         6628    i.rt_list_isempty   timer.o
    0x08003028   0x08003028   0x00000012   Code   RO         6517    i.rt_list_remove    thread.o
    0x0800303a   0x0800303a   0x00000048   Code   RO         6213    i.rt_memset         kservice.o
    0x08003082   0x08003082   0x0000002c   Code   RO         6380    i.rt_object_detach  object.o
    0x080030ae   0x080030ae   0x00000002   PAD
    0x080030b0   0x080030b0   0x00000028   Code   RO         6382    i.rt_object_get_information  object.o
    0x080030d8   0x080030d8   0x00000046   Code   RO         6384    i.rt_object_init    object.o
    0x0800311e   0x0800311e   0x00000012   Code   RO         6385    i.rt_object_is_systemobject  object.o
    0x08003130   0x08003130   0x00000090   Code   RO         6437    i.rt_schedule       scheduler.o
    0x080031c0   0x080031c0   0x00000050   Code   RO         6438    i.rt_schedule_insert_thread  scheduler.o
    0x08003210   0x08003210   0x00000054   Code   RO         6439    i.rt_schedule_remove_thread  scheduler.o
    0x08003264   0x08003264   0x000000b0   Code   RO         6215    i.rt_show_version   kservice.o
    0x08003314   0x08003314   0x00000012   Code   RO         6220    i.rt_strlen         kservice.o
    0x08003326   0x08003326   0x00000034   Code   RO         6222    i.rt_strncpy        kservice.o
    0x0800335a   0x0800335a   0x00000002   PAD
    0x0800335c   0x0800335c   0x0000004c   Code   RO         6440    i.rt_system_scheduler_init  scheduler.o
    0x080033a8   0x080033a8   0x00000030   Code   RO         6441    i.rt_system_scheduler_start  scheduler.o
    0x080033d8   0x080033d8   0x0000001c   Code   RO         6629    i.rt_system_timer_init  timer.o
    0x080033f4   0x080033f4   0x00000002   Code   RO         6630    i.rt_system_timer_thread_init  timer.o
    0x080033f6   0x080033f6   0x0000000c   Code   RO         6519    i.rt_thread_delay   thread.o
    0x08003402   0x08003402   0x00000002   PAD
    0x08003404   0x08003404   0x00000054   Code   RO         6521    i.rt_thread_exit    thread.o
    0x08003458   0x08003458   0x00000008   Code   RO         5991    i.rt_thread_idle_entry  idle.o
    0x08003460   0x08003460   0x00000078   Code   RO         5992    i.rt_thread_idle_excute  idle.o
    0x080034d8   0x080034d8   0x0000003c   Code   RO         5994    i.rt_thread_idle_init  idle.o
    0x08003514   0x08003514   0x00000034   Code   RO         6523    i.rt_thread_init    thread.o
    0x08003548   0x08003548   0x0000003c   Code   RO         6525    i.rt_thread_resume  thread.o
    0x08003584   0x08003584   0x0000000c   Code   RO         6526    i.rt_thread_self    thread.o
    0x08003590   0x08003590   0x00000044   Code   RO         6527    i.rt_thread_sleep   thread.o
    0x080035d4   0x080035d4   0x0000002c   Code   RO         6528    i.rt_thread_startup  thread.o
    0x08003600   0x08003600   0x00000044   Code   RO         6529    i.rt_thread_suspend  thread.o
    0x08003644   0x08003644   0x00000020   Code   RO         6530    i.rt_thread_timeout  thread.o
    0x08003664   0x08003664   0x00000064   Code   RO         6531    i.rt_thread_yield   thread.o
    0x080036c8   0x080036c8   0x0000000c   Code   RO         5879    i.rt_tick_get       clock.o
    0x080036d4   0x080036d4   0x00000030   Code   RO         5880    i.rt_tick_increase  clock.o
    0x08003704   0x08003704   0x0000007c   Code   RO         6631    i.rt_timer_check    timer.o
    0x08003780   0x08003780   0x00000038   Code   RO         6632    i.rt_timer_control  timer.o
    0x080037b8   0x080037b8   0x00000020   Code   RO         6633    i.rt_timer_detach   timer.o
    0x080037d8   0x080037d8   0x0000002e   Code   RO         6634    i.rt_timer_init     timer.o
    0x08003806   0x08003806   0x00000002   PAD
    0x08003808   0x08003808   0x000000f8   Code   RO         6637    i.rt_timer_start    timer.o
    0x08003900   0x08003900   0x00000030   Code   RO         6638    i.rt_timer_stop     timer.o
    0x08003930   0x08003930   0x00000328   Code   RO         6225    i.rt_vsnprintf      kservice.o
    0x08003c58   0x08003c58   0x00000004   Code   RO         5920    i.rti_board_end     components.o
    0x08003c5c   0x08003c5c   0x00000004   Code   RO         5921    i.rti_board_start   components.o
    0x08003c60   0x08003c60   0x00000004   Code   RO         5922    i.rti_end           components.o
    0x08003c64   0x08003c64   0x00000004   Code   RO         5923    i.rti_start         components.o
    0x08003c68   0x08003c68   0x0000002a   Code   RO         5924    i.rtthread_startup  components.o
    0x08003c92   0x08003c92   0x00000026   Code   RO         6227    i.skip_atoi         kservice.o
    0x08003cb8   0x08003cb8   0x000042cc   Data   RO         5486    .constdata          lcd_fonts.o
    0x08007f84   0x08007f84   0x00000122   Data   RO         6229    .constdata          kservice.o
    0x080080a6   0x080080a6   0x00000002   PAD
    0x080080a8   0x080080a8   0x00000004   Data   RO         5926    .rti_fn.0           components.o
    0x080080ac   0x080080ac   0x00000004   Data   RO         5927    .rti_fn.0.end       components.o
    0x080080b0   0x080080b0   0x00000004   Data   RO         5928    .rti_fn.1.end       components.o
    0x080080b4   0x080080b4   0x00000004   Data   RO         5929    .rti_fn.6.end       components.o
    0x080080b8   0x080080b8   0x00000030   Data   RO         7066    Region$$Table       anon$$obj.o


    Execution Region RW_IRAM1 (Exec base: 0x20000000, Load base: 0x080080e8, Size: 0x00000a90, Max: 0x00030000, ABSOLUTE)

    Exec Addr    Load Addr    Size         Type   Attr      Idx    E Section Name        Object

    0x20000000   0x080080e8   0x00000014   Data   RW           16    .data               system_stm32f4xx.o
    0x20000014   0x080080fc   0x00000010   Data   RW         3013    .data               stm32f4xx_rcc.o
    0x20000024   0x0800810c   0x00000004   Data   RW         5192    .data               delay.o
    0x20000028   0x08008110   0x0000003c   Data   RW         5487    .data               lcd_fonts.o
    0x20000064   0x0800814c   0x00000008   Data   RW         5525    .data               lcd_rgb.o
    0x2000006c   0x08008154   0x00000004   Data   RW         5882    .data               clock.o
    0x20000070   0x08008158   0x00000001   Data   RW         6179    .data               irq.o
    0x20000071   0x08008159   0x00000003   PAD
    0x20000074   0x0800815c   0x00000050   Data   RW         6387    .data               object.o
    0x200000c4   0x080081ac   0x00000018   Data   RW         6443    .data               scheduler.o
    0x200000dc   0x080081c4   0x0000000c   Data   RW         6639    .data               timer.o
    0x200000e8   0x080081d0   0x00000010   Data   RW         6728    .data               cpuport.o
    0x200000f8   0x080081e0   0x00000004   Data   RW         7040    .data               mc_w.l(stdout.o)
    0x200000fc        -       0x00000010   Zero   RW         5524    .bss                lcd_rgb.o
    0x2000010c        -       0x00000080   Zero   RW         5670    .bss                main.o
    0x2000018c   0x080081e4   0x00000004   PAD
    0x20000190        -       0x00000280   Zero   RW         5925    .bss                components.o
    0x20000410        -       0x00000100   Zero   RW         5995    .bss                idle.o
    0x20000510        -       0x00000080   Zero   RW         6228    .bss                kservice.o
    0x20000590        -       0x00000100   Zero   RW         6442    .bss                scheduler.o
    0x20000690        -       0x00000400   Zero   RW            1    STACK               startup_stm32f429_439xx.o


    Execution Region RW_IRAM2 (Exec base: 0xd0000000, Load base: 0x080081e4, Size: 0x000bf800, Max: 0x01000000, ABSOLUTE, COMPRESSED[0x0000180c])

    Exec Addr    Load Addr    Size         Type   Attr      Idx    E Section Name        Object

    0xd0000000   COMPRESSED   0x000bf400   Data   RW         5526    EXRAM               lcd_rgb.o
    0xd00bf400   COMPRESSED   0x00000400   Data   RW         5671    EXRAM               main.o


==============================================================================

Image component sizes


      Code (inc. data)   RO Data    RW Data    ZI Data      Debug   Object Name

       296         64          0          0          0      28275   board.o
        60         12          0          4          0       1165   clock.o
       206         36         16          0        640       5964   components.o
       308         26          0          0          0        820   context_rvds.o
       628        342          0         16          0       4170   cpuport.o
         0          0          0          4          0        206   delay.o
       208         30          0          0        256       5502   idle.o
        64         12          0          1          0       1594   irq.o
      1696        164        290          0        128       8804   kservice.o
         0          0      17100         60          0       1402   lcd_fonts.o
      1744         94          0     783368         16       8206   lcd_rgb.o
        72         10          0          0          0        511   led.o
       148         50          0       1024        128       7606   main.o
       172          4          0         80          0       6156   object.o
       530         88          0         24        256       8410   scheduler.o
      2166        334          0          0          0       4297   sdram.o
        44         12        428          0       1024        960   startup_stm32f429_439xx.o
       294         20          0          0          0       3184   stm32f4xx_dma2d.o
       452         20          0          0          0       3851   stm32f4xx_fmc.o
       240          0          0          0          0       3927   stm32f4xx_gpio.o
        18          0          0          0          0       2683   stm32f4xx_it.o
       774         32          0          0          0       4581   stm32f4xx_ltdc.o
       484         64          0         16          0       8198   stm32f4xx_rcc.o
       270          8          0          0          0       3624   stm32f4xx_usart.o
       392         32          0         20          0     301489   system_stm32f4xx.o
       696         36          0          0          0      10800   thread.o
       732         20          0         12          0      11124   timer.o
       294         14          0          0          0       2931   touch_043.o
       840         92          0          0          0       6145   touch_iic.o
       192         12          0          0          0       3273   usart.o

    ----------------------------------------------------------------------
     14044       1628      17884     784632       2452     459858   Object Totals
         0          0         48          0          0          0   (incl. Generated)
        24          0          2          3          4          0   (incl. Padding)

    ----------------------------------------------------------------------

      Code (inc. data)   RO Data    RW Data    ZI Data      Debug   Library Member Name

        86          0          0          0          0          0   __dczerorl2.o
         0          0          0          0          0          0   entry.o
         0          0          0          0          0          0   entry10a.o
         0          0          0          0          0          0   entry11a.o
         8          4          0          0          0          0   entry2.o
         4          0          0          0          0          0   entry5.o
         0          0          0          0          0          0   entry7b.o
         0          0          0          0          0          0   entry8b.o
         8          4          0          0          0          0   entry9a.o
        30          0          0          0          0          0   handlers.o
        36          8          0          0          0         68   init.o
        30          0          0          0          0         68   llshl.o
        32          0          0          0          0         68   llushr.o
       736         56          0          0          0        184   printf5.o
         0          0          0          4          0          0   stdout.o
        98          0          0          0          0         92   uldiv.o

    ----------------------------------------------------------------------
      1072         72          0          4          0        480   Library Totals
         4          0          0          0          0          0   (incl. Padding)

    ----------------------------------------------------------------------

      Code (inc. data)   RO Data    RW Data    ZI Data      Debug   Library Name

      1068         72          0          4          0        480   mc_w.l

    ----------------------------------------------------------------------
      1072         72          0          4          0        480   Library Totals

    ----------------------------------------------------------------------

==============================================================================


      Code (inc. data)   RO Data    RW Data    ZI Data      Debug   

     15116       1700      17884     784636       2452     446366   Grand Totals
     15116       1700      17884       6408       2452     446366   ELF Image Totals (compressed)
     15116       1700      17884       6408          0          0   ROM Totals

==============================================================================

    Total RO  Size (Code + RO Data)                33000 (  32.23kB)
    Total RW  Size (RW Data + ZI Data)            787088 ( 768.64kB)
    Total ROM Size (Code + RO Data + RW Data)      39408 (  38.48kB)

==============================================================================

